Archive member included to satisfy reference by file (symbol)

C:/ST/STM32CubeIDE_1.14.0/STM32CubeIDE/plugins/com.st.stm32cube.ide.mcu.externaltools.gnu-tools-for-stm32.11.3.rel1.win32_1.1.100.202309141235/tools/bin/../lib/gcc/arm-none-eabi/11.3.1/../../../../arm-none-eabi/lib/thumb/v7e-m+fp/hard\libc_nano.a(libc_a-exit.o)
                              C:/ST/STM32CubeIDE_1.14.0/STM32CubeIDE/plugins/com.st.stm32cube.ide.mcu.externaltools.gnu-tools-for-stm32.11.3.rel1.win32_1.1.100.202309141235/tools/bin/../lib/gcc/arm-none-eabi/11.3.1/../../../../arm-none-eabi/lib/thumb/v7e-m+fp/hard/crt0.o (exit)
C:/ST/STM32CubeIDE_1.14.0/STM32CubeIDE/plugins/com.st.stm32cube.ide.mcu.externaltools.gnu-tools-for-stm32.11.3.rel1.win32_1.1.100.202309141235/tools/bin/../lib/gcc/arm-none-eabi/11.3.1/../../../../arm-none-eabi/lib/thumb/v7e-m+fp/hard\libc_nano.a(libc_a-malloc.o)
                              ./Middlewares/ST/STM32_USB_Host_Library/Class/MSC/Src/usbh_msc.o (malloc)
C:/ST/STM32CubeIDE_1.14.0/STM32CubeIDE/plugins/com.st.stm32cube.ide.mcu.externaltools.gnu-tools-for-stm32.11.3.rel1.win32_1.1.100.202309141235/tools/bin/../lib/gcc/arm-none-eabi/11.3.1/../../../../arm-none-eabi/lib/thumb/v7e-m+fp/hard\libc_nano.a(libc_a-mallocr.o)
                              C:/ST/STM32CubeIDE_1.14.0/STM32CubeIDE/plugins/com.st.stm32cube.ide.mcu.externaltools.gnu-tools-for-stm32.11.3.rel1.win32_1.1.100.202309141235/tools/bin/../lib/gcc/arm-none-eabi/11.3.1/../../../../arm-none-eabi/lib/thumb/v7e-m+fp/hard\libc_nano.a(libc_a-malloc.o) (_malloc_r)
C:/ST/STM32CubeIDE_1.14.0/STM32CubeIDE/plugins/com.st.stm32cube.ide.mcu.externaltools.gnu-tools-for-stm32.11.3.rel1.win32_1.1.100.202309141235/tools/bin/../lib/gcc/arm-none-eabi/11.3.1/../../../../arm-none-eabi/lib/thumb/v7e-m+fp/hard\libc_nano.a(libc_a-mlock.o)
                              C:/ST/STM32CubeIDE_1.14.0/STM32CubeIDE/plugins/com.st.stm32cube.ide.mcu.externaltools.gnu-tools-for-stm32.11.3.rel1.win32_1.1.100.202309141235/tools/bin/../lib/gcc/arm-none-eabi/11.3.1/../../../../arm-none-eabi/lib/thumb/v7e-m+fp/hard\libc_nano.a(libc_a-mallocr.o) (__malloc_lock)
C:/ST/STM32CubeIDE_1.14.0/STM32CubeIDE/plugins/com.st.stm32cube.ide.mcu.externaltools.gnu-tools-for-stm32.11.3.rel1.win32_1.1.100.202309141235/tools/bin/../lib/gcc/arm-none-eabi/11.3.1/../../../../arm-none-eabi/lib/thumb/v7e-m+fp/hard\libc_nano.a(libc_a-findfp.o)
                              C:/ST/STM32CubeIDE_1.14.0/STM32CubeIDE/plugins/com.st.stm32cube.ide.mcu.externaltools.gnu-tools-for-stm32.11.3.rel1.win32_1.1.100.202309141235/tools/bin/../lib/gcc/arm-none-eabi/11.3.1/../../../../arm-none-eabi/lib/thumb/v7e-m+fp/hard\libc_nano.a(libc_a-exit.o) (__stdio_exit_handler)
C:/ST/STM32CubeIDE_1.14.0/STM32CubeIDE/plugins/com.st.stm32cube.ide.mcu.externaltools.gnu-tools-for-stm32.11.3.rel1.win32_1.1.100.202309141235/tools/bin/../lib/gcc/arm-none-eabi/11.3.1/../../../../arm-none-eabi/lib/thumb/v7e-m+fp/hard\libc_nano.a(libc_a-fwalk.o)
                              C:/ST/STM32CubeIDE_1.14.0/STM32CubeIDE/plugins/com.st.stm32cube.ide.mcu.externaltools.gnu-tools-for-stm32.11.3.rel1.win32_1.1.100.202309141235/tools/bin/../lib/gcc/arm-none-eabi/11.3.1/../../../../arm-none-eabi/lib/thumb/v7e-m+fp/hard\libc_nano.a(libc_a-findfp.o) (_fwalk_sglue)
C:/ST/STM32CubeIDE_1.14.0/STM32CubeIDE/plugins/com.st.stm32cube.ide.mcu.externaltools.gnu-tools-for-stm32.11.3.rel1.win32_1.1.100.202309141235/tools/bin/../lib/gcc/arm-none-eabi/11.3.1/../../../../arm-none-eabi/lib/thumb/v7e-m+fp/hard\libc_nano.a(libc_a-stdio.o)
                              C:/ST/STM32CubeIDE_1.14.0/STM32CubeIDE/plugins/com.st.stm32cube.ide.mcu.externaltools.gnu-tools-for-stm32.11.3.rel1.win32_1.1.100.202309141235/tools/bin/../lib/gcc/arm-none-eabi/11.3.1/../../../../arm-none-eabi/lib/thumb/v7e-m+fp/hard\libc_nano.a(libc_a-findfp.o) (__sread)
C:/ST/STM32CubeIDE_1.14.0/STM32CubeIDE/plugins/com.st.stm32cube.ide.mcu.externaltools.gnu-tools-for-stm32.11.3.rel1.win32_1.1.100.202309141235/tools/bin/../lib/gcc/arm-none-eabi/11.3.1/../../../../arm-none-eabi/lib/thumb/v7e-m+fp/hard\libc_nano.a(libc_a-memset.o)
                              C:/ST/STM32CubeIDE_1.14.0/STM32CubeIDE/plugins/com.st.stm32cube.ide.mcu.externaltools.gnu-tools-for-stm32.11.3.rel1.win32_1.1.100.202309141235/tools/bin/../lib/gcc/arm-none-eabi/11.3.1/../../../../arm-none-eabi/lib/thumb/v7e-m+fp/hard/crt0.o (memset)
C:/ST/STM32CubeIDE_1.14.0/STM32CubeIDE/plugins/com.st.stm32cube.ide.mcu.externaltools.gnu-tools-for-stm32.11.3.rel1.win32_1.1.100.202309141235/tools/bin/../lib/gcc/arm-none-eabi/11.3.1/../../../../arm-none-eabi/lib/thumb/v7e-m+fp/hard\libc_nano.a(libc_a-closer.o)
                              C:/ST/STM32CubeIDE_1.14.0/STM32CubeIDE/plugins/com.st.stm32cube.ide.mcu.externaltools.gnu-tools-for-stm32.11.3.rel1.win32_1.1.100.202309141235/tools/bin/../lib/gcc/arm-none-eabi/11.3.1/../../../../arm-none-eabi/lib/thumb/v7e-m+fp/hard\libc_nano.a(libc_a-stdio.o) (_close_r)
[...]
Memory Configuration

Name             Origin             Length             Attributes
RAM              0x0000000020000000 0x0000000000020000 xrw
FLASH            0x0000000008000000 0x0000000000080000 xr
*default*        0x0000000000000000 0xffffffffffffffff

Linker script and memory map

LOAD C:/ST/STM32CubeIDE_1.14.0/STM32CubeIDE/plugins/com.st.stm32cube.ide.mcu.externaltools.gnu-tools-for-stm32.11.3.rel1.win32_1.1.100.202309141235/tools/bin/../lib/gcc/arm-none-eabi/11.3.1/thumb/v7e-m+fp/hard/crti.o
LOAD C:/ST/STM32CubeIDE_1.14.0/STM32CubeIDE/plugins/com.st.stm32cube.ide.mcu.externaltools.gnu-tools-for-stm32.11.3.rel1.win32_1.1.100.202309141235/tools/bin/../lib/gcc/arm-none-eabi/11.3.1/thumb/v7e-m+fp/hard/crtbegin.o
LOAD C:/ST/STM32CubeIDE_1.14.0/STM32CubeIDE/plugins/com.st.stm32cube.ide.mcu.externaltools.gnu-tools-for-stm32.11.3.rel1.win32_1.1.100.202309141235/tools/bin/../lib/gcc/arm-none-eabi/11.3.1/../../../../arm-none-eabi/lib/thumb/v7e-m+fp/hard/crt0.o
LOAD ./Core/Src/main.o
LOAD ./Core/Src/stm32f4xx_hal_msp.o
LOAD ./Core/Src/stm32f4xx_it.o
LOAD ./Core/Src/syscalls.o
LOAD ./Core/Src/sysmem.o
LOAD ./Core/Src/system_stm32f4xx.o
LOAD ./Core/Startup/startup_stm32f446vetx.o
LOAD ./Drivers/STM32F4xx_HAL_Driver/Src/stm32f4xx_hal.o
LOAD ./Drivers/STM32F4xx_HAL_Driver/Src/stm32f4xx_hal_adc.o
LOAD ./Drivers/STM32F4xx_HAL_Driver/Src/stm32f4xx_hal_adc_ex.o
LOAD ./Drivers/STM32F4xx_HAL_Driver/Src/stm32f4xx_hal_cortex.o
LOAD ./Drivers/STM32F4xx_HAL_Driver/Src/stm32f4xx_hal_dac.o
LOAD ./Drivers/STM32F4xx_HAL_Driver/Src/stm32f4xx_hal_dac_ex.o
LOAD ./Drivers/STM32F4xx_HAL_Driver/Src/stm32f4xx_hal_dma.o
LOAD ./Drivers/STM32F4xx_HAL_Driver/Src/stm32f4xx_hal_dma_ex.o
LOAD ./Drivers/STM32F4xx_HAL_Driver/Src/stm32f4xx_hal_exti.o
LOAD ./Drivers/STM32F4xx_HAL_Driver/Src/stm32f4xx_hal_flash.o
LOAD ./Drivers/STM32F4xx_HAL_Driver/Src/stm32f4xx_hal_flash_ex.o
LOAD ./Drivers/STM32F4xx_HAL_Driver/Src/stm32f4xx_hal_flash_ramfunc.o
LOAD ./Drivers/STM32F4xx_HAL_Driver/Src/stm32f4xx_hal_gpio.o
LOAD ./Drivers/STM32F4xx_HAL_Driver/Src/stm32f4xx_hal_hcd.o
LOAD ./Drivers/STM32F4xx_HAL_Driver/Src/stm32f4xx_hal_i2c.o
LOAD ./Drivers/STM32F4xx_HAL_Driver/Src/stm32f4xx_hal_i2c_ex.o
LOAD ./Drivers/STM32F4xx_HAL_Driver/Src/stm32f4xx_hal_pcd.o
LOAD ./Drivers/STM32F4xx_HAL_Driver/Src/stm32f4xx_hal_pcd_ex.o
LOAD ./Drivers/STM32F4xx_HAL_Driver/Src/stm32f4xx_hal_pwr.o
LOAD ./Drivers/STM32F4xx_HAL_Driver/Src/stm32f4xx_hal_pwr_ex.o
LOAD ./Drivers/STM32F4xx_HAL_Driver/Src/stm32f4xx_hal_rcc.o
LOAD ./Drivers/STM32F4xx_HAL_Driver/Src/stm32f4xx_hal_rcc_ex.o
LOAD ./Drivers/STM32F4xx_HAL_Driver/Src/stm32f4xx_hal_spi.o
LOAD ./Drivers/STM32F4xx_HAL_Driver/Src/stm32f4xx_hal_tim.o
LOAD ./Drivers/STM32F4xx_HAL_Driver/Src/stm32f4xx_hal_tim_ex.o
LOAD ./Drivers/STM32F4xx_HAL_Driver/Src/stm32f4xx_hal_uart.o
LOAD ./Drivers/STM32F4xx_HAL_Driver/Src/stm32f4xx_ll_adc.o
LOAD ./Drivers/STM32F4xx_HAL_Driver/Src/stm32f4xx_ll_usb.o
LOAD ./FATFS/App/fatfs.o
LOAD ./FATFS/Target/usbh_diskio.o
LOAD ./Middlewares/ST/STM32_USB_Host_Library/Class/MSC/Src/usbh_msc.o
LOAD ./Middlewares/ST/STM32_USB_Host_Library/Class/MSC/Src/usbh_msc_bot.o
LOAD ./Middlewares/ST/STM32_USB_Host_Library/Class/MSC/Src/usbh_msc_scsi.o
LOAD ./Middlewares/ST/STM32_USB_Host_Library/Core/Src/usbh_core.o
LOAD ./Middlewares/ST/STM32_USB_Host_Library/Core/Src/usbh_ctlreq.o
LOAD ./Middlewares/ST/STM32_USB_Host_Library/Core/Src/usbh_ioreq.o
LOAD ./Middlewares/ST/STM32_USB_Host_Library/Core/Src/usbh_pipes.o
LOAD ./Middlewares/Third_Party/FatFs/src/diskio.o
LOAD ./Middlewares/Third_Party/FatFs/src/ff.o
LOAD ./Middlewares/Third_Party/FatFs/src/ff_gen_drv.o
LOAD ./Middlewares/Third_Party/FatFs/src/option/syscall.o
LOAD ./USB_HOST/App/usb_host.o
LOAD ./USB_HOST/Target/usbh_conf.o
LOAD ./main_app/src/flash.o
LOAD ./main_app/src/levelSense.o
LOAD ./main_app/src/main_app.o
LOAD ./main_app/src/pulses.o
LOAD ./main_app/src/states.o
LOAD ./main_app/src/stepperDriver.o
START GROUP
LOAD C:/ST/STM32CubeIDE_1.14.0/STM32CubeIDE/plugins/com.st.stm32cube.ide.mcu.externaltools.gnu-tools-for-stm32.11.3.rel1.win32_1.1.100.202309141235/tools/bin/../lib/gcc/arm-none-eabi/11.3.1/../../../../arm-none-eabi/lib/thumb/v7e-m+fp/hard\libc_nano.a
LOAD C:/ST/STM32CubeIDE_1.14.0/STM32CubeIDE/plugins/com.st.stm32cube.ide.mcu.externaltools.gnu-tools-for-stm32.11.3.rel1.win32_1.1.100.202309141235/tools/bin/../lib/gcc/arm-none-eabi/11.3.1/../../../../arm-none-eabi/lib/thumb/v7e-m+fp/hard\libm.a
END GROUP
START GROUP
LOAD C:/ST/STM32CubeIDE_1.14.0/STM32CubeIDE/plugins/com.st.stm32cube.ide.mcu.externaltools.gnu-tools-for-stm32.11.3.rel1.win32_1.1.100.202309141235/tools/bin/../lib/gcc/arm-none-eabi/11.3.1/thumb/v7e-m+fp/hard\libgcc.a
LOAD C:/ST/STM32CubeIDE_1.14.0/STM32CubeIDE/plugins/com.st.stm32cube.ide.mcu.externaltools.gnu-tools-for-stm32.11.3.rel1.win32_1.1.100.202309141235/tools/bin/../lib/gcc/arm-none-eabi/11.3.1/../../../../arm-none-eabi/lib/thumb/v7e-m+fp/hard\libc_nano.a
END GROUP
START GROUP
LOAD C:/ST/STM32CubeIDE_1.14.0/STM32CubeIDE/plugins/com.st.stm32cube.ide.mcu.externaltools.gnu-tools-for-stm32.11.3.rel1.win32_1.1.100.202309141235/tools/bin/../lib/gcc/arm-none-eabi/11.3.1/thumb/v7e-m+fp/hard\libgcc.a
LOAD C:/ST/STM32CubeIDE_1.14.0/STM32CubeIDE/plugins/com.st.stm32cube.ide.mcu.externaltools.gnu-tools-for-stm32.11.3.rel1.win32_1.1.100.202309141235/tools/bin/../lib/gcc/arm-none-eabi/11.3.1/../../../../arm-none-eabi/lib/thumb/v7e-m+fp/hard\libc_nano.a
LOAD C:/ST/STM32CubeIDE_1.14.0/STM32CubeIDE/plugins/com.st.stm32cube.ide.mcu.externaltools.gnu-tools-for-stm32.11.3.rel1.win32_1.1.100.202309141235/tools/bin/../lib/gcc/arm-none-eabi/11.3.1/../../../../arm-none-eabi/lib/thumb/v7e-m+fp/hard\libnosys.a
END GROUP
START GROUP
LOAD C:/ST/STM32CubeIDE_1.14.0/STM32CubeIDE/plugins/com.st.stm32cube.ide.mcu.externaltools.gnu-tools-for-stm32.11.3.rel1.win32_1.1.100.202309141235/tools/bin/../lib/gcc/arm-none-eabi/11.3.1/thumb/v7e-m+fp/hard\libgcc.a
LOAD C:/ST/STM32CubeIDE_1.14.0/STM32CubeIDE/plugins/com.st.stm32cube.ide.mcu.externaltools.gnu-tools-for-stm32.11.3.rel1.win32_1.1.100.202309141235/tools/bin/../lib/gcc/arm-none-eabi/11.3.1/../../../../arm-none-eabi/lib/thumb/v7e-m+fp/hard\libc_nano.a
LOAD C:/ST/STM32CubeIDE_1.14.0/STM32CubeIDE/plugins/com.st.stm32cube.ide.mcu.externaltools.gnu-tools-for-stm32.11.3.rel1.win32_1.1.100.202309141235/tools/bin/../lib/gcc/arm-none-eabi/11.3.1/../../../../arm-none-eabi/lib/thumb/v7e-m+fp/hard\libnosys.a
END GROUP
LOAD C:/ST/STM32CubeIDE_1.14.0/STM32CubeIDE/plugins/com.st.stm32cube.ide.mcu.externaltools.gnu-tools-for-stm32.11.3.rel1.win32_1.1.100.202309141235/tools/bin/../lib/gcc/arm-none-eabi/11.3.1/thumb/v7e-m+fp/hard/crtend.o
LOAD C:/ST/STM32CubeIDE_1.14.0/STM32CubeIDE/plugins/com.st.stm32cube.ide.mcu.externaltools.gnu-tools-for-stm32.11.3.rel1.win32_1.1.100.202309141235/tools/bin/../lib/gcc/arm-none-eabi/11.3.1/thumb/v7e-m+fp/hard/crtn.o
                0x0000000020020000                _estack = (ORIGIN (RAM) + LENGTH (RAM))
                0x0000000000000400                _Min_Heap_Size = 0x400
                0x0000000000000800                _Min_Stack_Size = 0x800

.isr_vector     0x0000000008000000      0x1c4
                0x0000000008000000                . = ALIGN (0x4)
 *(.isr_vector)
 .isr_vector    0x0000000008000000      0x1c4 ./Core/Startup/startup_stm32f446vetx.o
                0x0000000008000000                g_pfnVectors
                0x00000000080001c4                . = ALIGN (0x4)

.text           0x00000000080001c4     0xf074
                0x00000000080001c4                . = ALIGN (0x4)
 *(.text)
 .text          0x00000000080001c4       0x40 C:/ST/STM32CubeIDE_1.14.0/STM32CubeIDE/plugins/com.st.stm32cube.ide.mcu.externaltools.gnu-tools-for-stm32.11.3.rel1.win32_1.1.100.202309141235/tools/bin/../lib/gcc/arm-none-eabi/11.3.1/thumb/v7e-m+fp/hard/crtbegin.o
 .text          0x0000000008000204       0x30 C:/ST/STM32CubeIDE_1.14.0/STM32CubeIDE/plugins/com.st.stm32cube.ide.mcu.externaltools.gnu-tools-for-stm32.11.3.rel1.win32_1.1.100.202309141235/tools/bin/../lib/gcc/arm-none-eabi/11.3.1/thumb/v7e-m+fp/hard\libgcc.a(_aeabi_uldivmod.o)
                0x0000000008000204                __aeabi_uldivmod
 .text          0x0000000008000234      0x2c8 C:/ST/STM32CubeIDE_1.14.0/STM32CubeIDE/plugins/com.st.stm32cube.ide.mcu.externaltools.gnu-tools-for-stm32.11.3.rel1.win32_1.1.100.202309141235/tools/bin/../lib/gcc/arm-none-eabi/11.3.1/thumb/v7e-m+fp/hard\libgcc.a(_udivmoddi4.o)
                0x0000000008000234                __udivmoddi4
 .text          0x00000000080004fc        0x4 C:/ST/STM32CubeIDE_1.14.0/STM32CubeIDE/plugins/com.st.stm32cube.ide.mcu.externaltools.gnu-tools-for-stm32.11.3.rel1.win32_1.1.100.202309141235/tools/bin/../lib/gcc/arm-none-eabi/11.3.1/thumb/v7e-m+fp/hard\libgcc.a(_dvmd_tls.o)
                0x00000000080004fc                __aeabi_idiv0
                0x00000000080004fc                __aeabi_ldiv0
 *(.text*)
 .text.main     0x0000000008000500       0x56 ./Core/Src/main.o
                0x0000000008000500                main
 *fill*         0x0000000008000556        0x2 
 .text.SystemClock_Config
                0x0000000008000558       0xd8 ./Core/Src/main.o
                0x0000000008000558                SystemClock_Config
 .text.MX_ADC1_Init
                0x0000000008000630       0xa4 ./Core/Src/main.o
 .text.MX_DAC_Init
                0x00000000080006d4       0x68 ./Core/Src/main.o
 .text.MX_I2C1_Init
                0x000000000800073c       0x5c ./Core/Src/main.o
 .text.MX_I2C3_Init
                0x0000000008000798       0x5c ./Core/Src/main.o
 .text.MX_SPI3_Init
                0x00000000080007f4       0x6c ./Core/Src/main.o
 .text.MX_TIM1_Init
                0x0000000008000860      0x140 ./Core/Src/main.o
 .text.MX_TIM2_Init
                0x00000000080009a0       0xa4 ./Core/Src/main.o
 .text.MX_TIM4_Init
                0x0000000008000a44       0xec ./Core/Src/main.o
 .text.MX_TIM9_Init
                0x0000000008000b30       0xc4 ./Core/Src/main.o
 .text.MX_UART4_Init
                0x0000000008000bf4       0x54 ./Core/Src/main.o
 .text.MX_USART1_UART_Init
                0x0000000008000c48       0x54 ./Core/Src/main.o
 .text.MX_USART2_UART_Init
                0x0000000008000c9c       0x54 ./Core/Src/main.o
 .text.MX_USB_OTG_HS_PCD_Init
                0x0000000008000cf0       0x64 ./Core/Src/main.o
 .text.MX_GPIO_Init
                0x0000000008000d54      0x1e4 ./Core/Src/main.o
 .text.Error_Handler
                0x0000000008000f38        0xa ./Core/Src/main.o
                0x0000000008000f38                Error_Handler
 *fill*         0x0000000008000f42        0x2 
 .text.HAL_MspInit
                0x0000000008000f44       0x50 ./Core/Src/stm32f4xx_hal_msp.o
                0x0000000008000f44                HAL_MspInit
 .text.HAL_ADC_MspInit
                0x0000000008000f94       0x88 ./Core/Src/stm32f4xx_hal_msp.o
                0x0000000008000f94                HAL_ADC_MspInit
 .text.HAL_DAC_MspInit
                0x000000000800101c       0x88 ./Core/Src/stm32f4xx_hal_msp.o
                0x000000000800101c                HAL_DAC_MspInit
 .text.HAL_I2C_MspInit
                0x00000000080010a4      0x140 ./Core/Src/stm32f4xx_hal_msp.o
                0x00000000080010a4                HAL_I2C_MspInit
 .text.HAL_SPI_MspInit
                0x00000000080011e4       0xd4 ./Core/Src/stm32f4xx_hal_msp.o
                0x00000000080011e4                HAL_SPI_MspInit
 .text.HAL_TIM_Base_MspInit
                0x00000000080012b8       0x9c ./Core/Src/stm32f4xx_hal_msp.o
                0x00000000080012b8                HAL_TIM_Base_MspInit
 .text.HAL_TIM_IC_MspInit
                0x0000000008001354       0x8c ./Core/Src/stm32f4xx_hal_msp.o
                0x0000000008001354                HAL_TIM_IC_MspInit
 .text.HAL_TIM_MspPostInit
                0x00000000080013e0      0x114 ./Core/Src/stm32f4xx_hal_msp.o
                0x00000000080013e0                HAL_TIM_MspPostInit
 .text.HAL_UART_MspInit
                0x00000000080014f4      0x164 ./Core/Src/stm32f4xx_hal_msp.o
                0x00000000080014f4                HAL_UART_MspInit
 .text.HAL_PCD_MspInit
                0x0000000008001658       0xbc ./Core/Src/stm32f4xx_hal_msp.o
                0x0000000008001658                HAL_PCD_MspInit
 .text.NMI_Handler
                0x0000000008001714        0x6 ./Core/Src/stm32f4xx_it.o
                0x0000000008001714                NMI_Handler
 .text.HardFault_Handler
                0x000000000800171a        0x6 ./Core/Src/stm32f4xx_it.o
                0x000000000800171a                HardFault_Handler
 .text.MemManage_Handler
                0x0000000008001720        0x6 ./Core/Src/stm32f4xx_it.o
                0x0000000008001720                MemManage_Handler
 .text.BusFault_Handler
                0x0000000008001726        0x6 ./Core/Src/stm32f4xx_it.o
                0x0000000008001726                BusFault_Handler
 .text.UsageFault_Handler
                0x000000000800172c        0x6 ./Core/Src/stm32f4xx_it.o
                0x000000000800172c                UsageFault_Handler
 .text.SVC_Handler
                0x0000000008001732        0xe ./Core/Src/stm32f4xx_it.o
                0x0000000008001732                SVC_Handler
 .text.DebugMon_Handler
                0x0000000008001740        0xe ./Core/Src/stm32f4xx_it.o
                0x0000000008001740                DebugMon_Handler
 .text.PendSV_Handler
                0x000000000800174e        0xe ./Core/Src/stm32f4xx_it.o
                0x000000000800174e                PendSV_Handler
 .text.SysTick_Handler
                0x000000000800175c        0xc ./Core/Src/stm32f4xx_it.o
                0x000000000800175c                SysTick_Handler
 .text.OTG_FS_IRQHandler
                0x0000000008001768       0x14 ./Core/Src/stm32f4xx_it.o
                0x0000000008001768                OTG_FS_IRQHandler
 .text._sbrk    0x000000000800177c       0x6c ./Core/Src/sysmem.o
                0x000000000800177c                _sbrk
 .text.SystemInit
                0x00000000080017e8       0x24 ./Core/Src/system_stm32f4xx.o
                0x00000000080017e8                SystemInit
 .text.Reset_Handler
                0x000000000800180c       0x50 ./Core/Startup/startup_stm32f446vetx.o
                0x000000000800180c                Reset_Handler
 .text.Default_Handler
                0x000000000800185c        0x2 ./Core/Startup/startup_stm32f446vetx.o
                0x000000000800185c                RTC_Alarm_IRQHandler
                0x000000000800185c                EXTI2_IRQHandler
                0x000000000800185c                TIM8_CC_IRQHandler
                0x000000000800185c                FMPI2C1_EV_IRQHandler
                0x000000000800185c                SPI4_IRQHandler
                0x000000000800185c                TIM1_CC_IRQHandler
                0x000000000800185c                DMA2_Stream5_IRQHandler
                0x000000000800185c                DMA1_Stream5_IRQHandler
                0x000000000800185c                PVD_IRQHandler
                0x000000000800185c                SDIO_IRQHandler
                0x000000000800185c                TAMP_STAMP_IRQHandler
                0x000000000800185c                CAN2_RX1_IRQHandler
                0x000000000800185c                EXTI3_IRQHandler
                0x000000000800185c                TIM8_TRG_COM_TIM14_IRQHandler
                0x000000000800185c                TIM1_UP_TIM10_IRQHandler
                0x000000000800185c                TIM8_UP_TIM13_IRQHandler
                0x000000000800185c                I2C3_ER_IRQHandler
                0x000000000800185c                EXTI0_IRQHandler
                0x000000000800185c                I2C2_EV_IRQHandler
                0x000000000800185c                DMA1_Stream2_IRQHandler
                0x000000000800185c                CAN1_RX0_IRQHandler
                0x000000000800185c                FPU_IRQHandler
                0x000000000800185c                OTG_HS_WKUP_IRQHandler
                0x000000000800185c                CAN2_SCE_IRQHandler
                0x000000000800185c                DMA2_Stream2_IRQHandler
                0x000000000800185c                SPI1_IRQHandler
                0x000000000800185c                TIM6_DAC_IRQHandler
                0x000000000800185c                TIM1_BRK_TIM9_IRQHandler
                0x000000000800185c                DCMI_IRQHandler
                0x000000000800185c                CAN2_RX0_IRQHandler
                0x000000000800185c                DMA2_Stream3_IRQHandler
                0x000000000800185c                SAI2_IRQHandler
                0x000000000800185c                USART6_IRQHandler
                0x000000000800185c                USART3_IRQHandler
                0x000000000800185c                CAN1_RX1_IRQHandler
                0x000000000800185c                UART5_IRQHandler
                0x000000000800185c                DMA2_Stream0_IRQHandler
                0x000000000800185c                TIM4_IRQHandler
                0x000000000800185c                QUADSPI_IRQHandler
                0x000000000800185c                I2C1_EV_IRQHandler
                0x000000000800185c                DMA1_Stream6_IRQHandler
                0x000000000800185c                DMA1_Stream1_IRQHandler
                0x000000000800185c                UART4_IRQHandler
                0x000000000800185c                TIM3_IRQHandler
                0x000000000800185c                RCC_IRQHandler
                0x000000000800185c                TIM8_BRK_TIM12_IRQHandler
                0x000000000800185c                Default_Handler
                0x000000000800185c                CEC_IRQHandler
                0x000000000800185c                EXTI15_10_IRQHandler
                0x000000000800185c                ADC_IRQHandler
                0x000000000800185c                DMA1_Stream7_IRQHandler
                0x000000000800185c                TIM7_IRQHandler
                0x000000000800185c                CAN2_TX_IRQHandler
                0x000000000800185c                TIM5_IRQHandler
                0x000000000800185c                DMA2_Stream7_IRQHandler
                0x000000000800185c                I2C3_EV_IRQHandler
                0x000000000800185c                EXTI9_5_IRQHandler
                0x000000000800185c                RTC_WKUP_IRQHandler
                0x000000000800185c                SPDIF_RX_IRQHandler
                0x000000000800185c                SPI2_IRQHandler
                0x000000000800185c                OTG_HS_EP1_IN_IRQHandler
                0x000000000800185c                DMA1_Stream0_IRQHandler
                0x000000000800185c                CAN1_TX_IRQHandler
                0x000000000800185c                FMPI2C1_ER_IRQHandler
                0x000000000800185c                EXTI4_IRQHandler
                0x000000000800185c                OTG_HS_EP1_OUT_IRQHandler
                0x000000000800185c                WWDG_IRQHandler
                0x000000000800185c                TIM2_IRQHandler
                0x000000000800185c                OTG_FS_WKUP_IRQHandler
                0x000000000800185c                TIM1_TRG_COM_TIM11_IRQHandler
                0x000000000800185c                OTG_HS_IRQHandler
                0x000000000800185c                EXTI1_IRQHandler
                0x000000000800185c                USART2_IRQHandler
                0x000000000800185c                I2C2_ER_IRQHandler
                0x000000000800185c                DMA2_Stream1_IRQHandler
                0x000000000800185c                CAN1_SCE_IRQHandler
                0x000000000800185c                FLASH_IRQHandler
                0x000000000800185c                DMA2_Stream4_IRQHandler
                0x000000000800185c                USART1_IRQHandler
                0x000000000800185c                SPI3_IRQHandler
                0x000000000800185c                DMA1_Stream4_IRQHandler
                0x000000000800185c                I2C1_ER_IRQHandler
                0x000000000800185c                FMC_IRQHandler
                0x000000000800185c                DMA2_Stream6_IRQHandler
                0x000000000800185c                SAI1_IRQHandler
                0x000000000800185c                DMA1_Stream3_IRQHandler
 *fill*         0x000000000800185e        0x2 
 .text.HAL_Init
                0x0000000008001860       0x44 ./Drivers/STM32F4xx_HAL_Driver/Src/stm32f4xx_hal.o
                0x0000000008001860                HAL_Init
 .text.HAL_InitTick
                0x00000000080018a4       0x60 ./Drivers/STM32F4xx_HAL_Driver/Src/stm32f4xx_hal.o
                0x00000000080018a4                HAL_InitTick
 .text.HAL_IncTick
                0x0000000008001904       0x28 ./Drivers/STM32F4xx_HAL_Driver/Src/stm32f4xx_hal.o
                0x0000000008001904                HAL_IncTick
 .text.HAL_GetTick
                0x000000000800192c       0x18 ./Drivers/STM32F4xx_HAL_Driver/Src/stm32f4xx_hal.o
                0x000000000800192c                HAL_GetTick
 .text.HAL_Delay
                0x0000000008001944       0x48 ./Drivers/STM32F4xx_HAL_Driver/Src/stm32f4xx_hal.o
                0x0000000008001944                HAL_Delay
 .text.HAL_ADC_Init
                0x000000000800198c       0x86 ./Drivers/STM32F4xx_HAL_Driver/Src/stm32f4xx_hal_adc.o
                0x000000000800198c                HAL_ADC_Init
 *fill*         0x0000000008001a12        0x2 
 .text.HAL_ADC_ConfigChannel
                0x0000000008001a14      0x264 ./Drivers/STM32F4xx_HAL_Driver/Src/stm32f4xx_hal_adc.o
                0x0000000008001a14                HAL_ADC_ConfigChannel
 .text.ADC_Init
                0x0000000008001c78      0x1f8 ./Drivers/STM32F4xx_HAL_Driver/Src/stm32f4xx_hal_adc.o
 .text.__NVIC_SetPriorityGrouping
                0x0000000008001e70       0x48 ./Drivers/STM32F4xx_HAL_Driver/Src/stm32f4xx_hal_cortex.o
 .text.__NVIC_GetPriorityGrouping
                0x0000000008001eb8       0x1c ./Drivers/STM32F4xx_HAL_Driver/Src/stm32f4xx_hal_cortex.o
 .text.__NVIC_EnableIRQ
                0x0000000008001ed4       0x3c ./Drivers/STM32F4xx_HAL_Driver/Src/stm32f4xx_hal_cortex.o
 .text.__NVIC_SetPriority
                0x0000000008001f10       0x54 ./Drivers/STM32F4xx_HAL_Driver/Src/stm32f4xx_hal_cortex.o
 .text.NVIC_EncodePriority
                0x0000000008001f64       0x66 ./Drivers/STM32F4xx_HAL_Driver/Src/stm32f4xx_hal_cortex.o
 *fill*         0x0000000008001fca        0x2 
 .text.SysTick_Config
                0x0000000008001fcc       0x44 ./Drivers/STM32F4xx_HAL_Driver/Src/stm32f4xx_hal_cortex.o
 .text.HAL_NVIC_SetPriorityGrouping
                0x0000000008002010       0x16 ./Drivers/STM32F4xx_HAL_Driver/Src/stm32f4xx_hal_cortex.o
                0x0000000008002010                HAL_NVIC_SetPriorityGrouping
 .text.HAL_NVIC_SetPriority
                0x0000000008002026       0x38 ./Drivers/STM32F4xx_HAL_Driver/Src/stm32f4xx_hal_cortex.o
                0x0000000008002026                HAL_NVIC_SetPriority
 .text.HAL_NVIC_EnableIRQ
                0x000000000800205e       0x1c ./Drivers/STM32F4xx_HAL_Driver/Src/stm32f4xx_hal_cortex.o
                0x000000000800205e                HAL_NVIC_EnableIRQ
 .text.HAL_SYSTICK_Config
                0x000000000800207a       0x18 ./Drivers/STM32F4xx_HAL_Driver/Src/stm32f4xx_hal_cortex.o
                0x000000000800207a                HAL_SYSTICK_Config
 .text.HAL_DAC_Init
                0x0000000008002092       0x44 ./Drivers/STM32F4xx_HAL_Driver/Src/stm32f4xx_hal_dac.o
                0x0000000008002092                HAL_DAC_Init
 .text.HAL_DAC_Start
                0x00000000080020d6       0xae ./Drivers/STM32F4xx_HAL_Driver/Src/stm32f4xx_hal_dac.o
                0x00000000080020d6                HAL_DAC_Start
 .text.HAL_DAC_SetValue
                0x0000000008002184       0x54 ./Drivers/STM32F4xx_HAL_Driver/Src/stm32f4xx_hal_dac.o
                0x0000000008002184                HAL_DAC_SetValue
 .text.HAL_DAC_ConfigChannel
                0x00000000080021d8       0xb2 ./Drivers/STM32F4xx_HAL_Driver/Src/stm32f4xx_hal_dac.o
                0x00000000080021d8                HAL_DAC_ConfigChannel
 *fill*         0x000000000800228a        0x2 
 .text.HAL_FLASH_Program
                0x000000000800228c       0xa8 ./Drivers/STM32F4xx_HAL_Driver/Src/stm32f4xx_hal_flash.o
                0x000000000800228c                HAL_FLASH_Program
 .text.HAL_FLASH_Unlock
                0x0000000008002334       0x44 ./Drivers/STM32F4xx_HAL_Driver/Src/stm32f4xx_hal_flash.o
                0x0000000008002334                HAL_FLASH_Unlock
 .text.HAL_FLASH_Lock
                0x0000000008002378       0x20 ./Drivers/STM32F4xx_HAL_Driver/Src/stm32f4xx_hal_flash.o
                0x0000000008002378                HAL_FLASH_Lock
 .text.FLASH_WaitForLastOperation
                0x0000000008002398       0x80 ./Drivers/STM32F4xx_HAL_Driver/Src/stm32f4xx_hal_flash.o
                0x0000000008002398                FLASH_WaitForLastOperation
 .text.FLASH_Program_DoubleWord
                0x0000000008002418       0x64 ./Drivers/STM32F4xx_HAL_Driver/Src/stm32f4xx_hal_flash.o
 .text.FLASH_Program_Word
                0x000000000800247c       0x44 ./Drivers/STM32F4xx_HAL_Driver/Src/stm32f4xx_hal_flash.o
 .text.FLASH_Program_HalfWord
                0x00000000080024c0       0x48 ./Drivers/STM32F4xx_HAL_Driver/Src/stm32f4xx_hal_flash.o
 .text.FLASH_Program_Byte
                0x0000000008002508       0x44 ./Drivers/STM32F4xx_HAL_Driver/Src/stm32f4xx_hal_flash.o
 .text.FLASH_SetErrorCode
                0x000000000800254c       0xcc ./Drivers/STM32F4xx_HAL_Driver/Src/stm32f4xx_hal_flash.o
 .text.HAL_FLASHEx_Erase
                0x0000000008002618       0xe0 ./Drivers/STM32F4xx_HAL_Driver/Src/stm32f4xx_hal_flash_ex.o
                0x0000000008002618                HAL_FLASHEx_Erase
 .text.FLASH_MassErase
                0x00000000080026f8       0x48 ./Drivers/STM32F4xx_HAL_Driver/Src/stm32f4xx_hal_flash_ex.o
 .text.FLASH_Erase_Sector
                0x0000000008002740       0x90 ./Drivers/STM32F4xx_HAL_Driver/Src/stm32f4xx_hal_flash_ex.o
                0x0000000008002740                FLASH_Erase_Sector
 .text.FLASH_FlushCaches
                0x00000000080027d0       0x8c ./Drivers/STM32F4xx_HAL_Driver/Src/stm32f4xx_hal_flash_ex.o
                0x00000000080027d0                FLASH_FlushCaches
 .text.HAL_GPIO_Init
                0x000000000800285c      0x328 ./Drivers/STM32F4xx_HAL_Driver/Src/stm32f4xx_hal_gpio.o
                0x000000000800285c                HAL_GPIO_Init
 .text.HAL_GPIO_ReadPin
                0x0000000008002b84       0x30 ./Drivers/STM32F4xx_HAL_Driver/Src/stm32f4xx_hal_gpio.o
                0x0000000008002b84                HAL_GPIO_ReadPin
 .text.HAL_GPIO_WritePin
                0x0000000008002bb4       0x32 ./Drivers/STM32F4xx_HAL_Driver/Src/stm32f4xx_hal_gpio.o
                0x0000000008002bb4                HAL_GPIO_WritePin
 .text.HAL_HCD_Init
                0x0000000008002be6       0xce ./Drivers/STM32F4xx_HAL_Driver/Src/stm32f4xx_hal_hcd.o
                0x0000000008002be6                HAL_HCD_Init
 .text.HAL_HCD_HC_Init
                0x0000000008002cb4      0x170 ./Drivers/STM32F4xx_HAL_Driver/Src/stm32f4xx_hal_hcd.o
                0x0000000008002cb4                HAL_HCD_HC_Init
 .text.HAL_HCD_HC_Halt
                0x0000000008002e24       0x46 ./Drivers/STM32F4xx_HAL_Driver/Src/stm32f4xx_hal_hcd.o
                0x0000000008002e24                HAL_HCD_HC_Halt
 *fill*         0x0000000008002e6a        0x2 
 .text.HAL_HCD_HC_SubmitRequest
                0x0000000008002e6c      0x33c ./Drivers/STM32F4xx_HAL_Driver/Src/stm32f4xx_hal_hcd.o
                0x0000000008002e6c                HAL_HCD_HC_SubmitRequest
 .text.HAL_HCD_IRQHandler
                0x00000000080031a8      0x220 ./Drivers/STM32F4xx_HAL_Driver/Src/stm32f4xx_hal_hcd.o
                0x00000000080031a8                HAL_HCD_IRQHandler
 .text.HAL_HCD_Start
                0x00000000080033c8       0x46 ./Drivers/STM32F4xx_HAL_Driver/Src/stm32f4xx_hal_hcd.o
                0x00000000080033c8                HAL_HCD_Start
 .text.HAL_HCD_Stop
                0x000000000800340e       0x3a ./Drivers/STM32F4xx_HAL_Driver/Src/stm32f4xx_hal_hcd.o
                0x000000000800340e                HAL_HCD_Stop
 .text.HAL_HCD_ResetPort
                0x0000000008003448       0x1c ./Drivers/STM32F4xx_HAL_Driver/Src/stm32f4xx_hal_hcd.o
                0x0000000008003448                HAL_HCD_ResetPort
 .text.HAL_HCD_HC_GetURBState
                0x0000000008003464       0x2a ./Drivers/STM32F4xx_HAL_Driver/Src/stm32f4xx_hal_hcd.o
                0x0000000008003464                HAL_HCD_HC_GetURBState
 .text.HAL_HCD_HC_GetXferCount
                0x000000000800348e       0x2a ./Drivers/STM32F4xx_HAL_Driver/Src/stm32f4xx_hal_hcd.o
                0x000000000800348e                HAL_HCD_HC_GetXferCount
 .text.HAL_HCD_GetCurrentFrame
                0x00000000080034b8       0x1c ./Drivers/STM32F4xx_HAL_Driver/Src/stm32f4xx_hal_hcd.o
                0x00000000080034b8                HAL_HCD_GetCurrentFrame
 .text.HAL_HCD_GetCurrentSpeed
                0x00000000080034d4       0x1c ./Drivers/STM32F4xx_HAL_Driver/Src/stm32f4xx_hal_hcd.o
                0x00000000080034d4                HAL_HCD_GetCurrentSpeed
 .text.HAL_HCD_HC_ClearHubInfo
                0x00000000080034f0       0x6a ./Drivers/STM32F4xx_HAL_Driver/Src/stm32f4xx_hal_hcd.o
                0x00000000080034f0                HAL_HCD_HC_ClearHubInfo
 .text.HCD_HC_IN_IRQHandler
                0x000000000800355a      0xcd2 ./Drivers/STM32F4xx_HAL_Driver/Src/stm32f4xx_hal_hcd.o
 .text.HCD_HC_OUT_IRQHandler
                0x000000000800422c      0x94a ./Drivers/STM32F4xx_HAL_Driver/Src/stm32f4xx_hal_hcd.o
 .text.HCD_RXQLVL_IRQHandler
                0x0000000008004b76      0x1be ./Drivers/STM32F4xx_HAL_Driver/Src/stm32f4xx_hal_hcd.o
 .text.HCD_Port_IRQHandler
                0x0000000008004d34       0xe6 ./Drivers/STM32F4xx_HAL_Driver/Src/stm32f4xx_hal_hcd.o
 *fill*         0x0000000008004e1a        0x2 
 .text.HAL_I2C_Init
                0x0000000008004e1c      0x288 ./Drivers/STM32F4xx_HAL_Driver/Src/stm32f4xx_hal_i2c.o
                0x0000000008004e1c                HAL_I2C_Init
 .text.HAL_I2C_Master_Transmit
                0x00000000080050a4      0x1fc ./Drivers/STM32F4xx_HAL_Driver/Src/stm32f4xx_hal_i2c.o
                0x00000000080050a4                HAL_I2C_Master_Transmit
 .text.HAL_I2C_Master_Receive
                0x00000000080052a0      0x464 ./Drivers/STM32F4xx_HAL_Driver/Src/stm32f4xx_hal_i2c.o
                0x00000000080052a0                HAL_I2C_Master_Receive
 .text.I2C_MasterRequestWrite
                0x0000000008005704      0x104 ./Drivers/STM32F4xx_HAL_Driver/Src/stm32f4xx_hal_i2c.o
 .text.I2C_MasterRequestRead
                0x0000000008005808      0x19c ./Drivers/STM32F4xx_HAL_Driver/Src/stm32f4xx_hal_i2c.o
 .text.I2C_WaitOnFlagUntilTimeout
                0x00000000080059a4       0xf4 ./Drivers/STM32F4xx_HAL_Driver/Src/stm32f4xx_hal_i2c.o
 .text.I2C_WaitOnMasterAddressFlagUntilTimeout
                0x0000000008005a98      0x140 ./Drivers/STM32F4xx_HAL_Driver/Src/stm32f4xx_hal_i2c.o
 .text.I2C_WaitOnTXEFlagUntilTimeout
                0x0000000008005bd8       0x90 ./Drivers/STM32F4xx_HAL_Driver/Src/stm32f4xx_hal_i2c.o
 .text.I2C_WaitOnBTFFlagUntilTimeout
                0x0000000008005c68       0x90 ./Drivers/STM32F4xx_HAL_Driver/Src/stm32f4xx_hal_i2c.o
 .text.I2C_WaitOnRXNEFlagUntilTimeout
                0x0000000008005cf8       0xba ./Drivers/STM32F4xx_HAL_Driver/Src/stm32f4xx_hal_i2c.o
 .text.I2C_IsAcknowledgeFailed
                0x0000000008005db2       0x5e ./Drivers/STM32F4xx_HAL_Driver/Src/stm32f4xx_hal_i2c.o
 .text.HAL_PCD_Init
                0x0000000008005e10      0x22c ./Drivers/STM32F4xx_HAL_Driver/Src/stm32f4xx_hal_pcd.o
                0x0000000008005e10                HAL_PCD_Init
 .text.HAL_PCDEx_ActivateLPM
                0x000000000800603c       0x48 ./Drivers/STM32F4xx_HAL_Driver/Src/stm32f4xx_hal_pcd_ex.o
                0x000000000800603c                HAL_PCDEx_ActivateLPM
 .text.HAL_RCC_ClockConfig
                0x0000000008006084      0x1cc ./Drivers/STM32F4xx_HAL_Driver/Src/stm32f4xx_hal_rcc.o
                0x0000000008006084                HAL_RCC_ClockConfig
 .text.HAL_RCC_GetHCLKFreq
                0x0000000008006250       0x18 ./Drivers/STM32F4xx_HAL_Driver/Src/stm32f4xx_hal_rcc.o
                0x0000000008006250                HAL_RCC_GetHCLKFreq
 .text.HAL_RCC_GetPCLK1Freq
                0x0000000008006268       0x28 ./Drivers/STM32F4xx_HAL_Driver/Src/stm32f4xx_hal_rcc.o
                0x0000000008006268                HAL_RCC_GetPCLK1Freq
 .text.HAL_RCC_GetPCLK2Freq
                0x0000000008006290       0x28 ./Drivers/STM32F4xx_HAL_Driver/Src/stm32f4xx_hal_rcc.o
                0x0000000008006290                HAL_RCC_GetPCLK2Freq
 .text.HAL_RCCEx_PeriphCLKConfig
                0x00000000080062b8      0x654 ./Drivers/STM32F4xx_HAL_Driver/Src/stm32f4xx_hal_rcc_ex.o
                0x00000000080062b8                HAL_RCCEx_PeriphCLKConfig
 .text.HAL_RCC_GetSysClockFreq
                0x000000000800690c      0x460 ./Drivers/STM32F4xx_HAL_Driver/Src/stm32f4xx_hal_rcc_ex.o
                0x000000000800690c                HAL_RCC_GetSysClockFreq
 .text.HAL_RCC_OscConfig
                0x0000000008006d6c      0x53c ./Drivers/STM32F4xx_HAL_Driver/Src/stm32f4xx_hal_rcc_ex.o
                0x0000000008006d6c                HAL_RCC_OscConfig
 .text.HAL_SPI_Init
                0x00000000080072a8      0x112 ./Drivers/STM32F4xx_HAL_Driver/Src/stm32f4xx_hal_spi.o
                0x00000000080072a8                HAL_SPI_Init
 .text.HAL_TIM_Base_Init
                0x00000000080073ba       0x9e ./Drivers/STM32F4xx_HAL_Driver/Src/stm32f4xx_hal_tim.o
                0x00000000080073ba                HAL_TIM_Base_Init
 .text.HAL_TIM_OC_Init
                0x0000000008007458       0x9e ./Drivers/STM32F4xx_HAL_Driver/Src/stm32f4xx_hal_tim.o
                0x0000000008007458                HAL_TIM_OC_Init
 .text.HAL_TIM_OC_MspInit
                0x00000000080074f6       0x14 ./Drivers/STM32F4xx_HAL_Driver/Src/stm32f4xx_hal_tim.o
                0x00000000080074f6                HAL_TIM_OC_MspInit
 .text.HAL_TIM_PWM_Init
                0x000000000800750a       0x9e ./Drivers/STM32F4xx_HAL_Driver/Src/stm32f4xx_hal_tim.o
                0x000000000800750a                HAL_TIM_PWM_Init
 .text.HAL_TIM_PWM_MspInit
                0x00000000080075a8       0x14 ./Drivers/STM32F4xx_HAL_Driver/Src/stm32f4xx_hal_tim.o
                0x00000000080075a8                HAL_TIM_PWM_MspInit
 .text.HAL_TIM_PWM_Start
                0x00000000080075bc      0x190 ./Drivers/STM32F4xx_HAL_Driver/Src/stm32f4xx_hal_tim.o
                0x00000000080075bc                HAL_TIM_PWM_Start
 .text.HAL_TIM_PWM_Stop
                0x000000000800774c       0xe0 ./Drivers/STM32F4xx_HAL_Driver/Src/stm32f4xx_hal_tim.o
                0x000000000800774c                HAL_TIM_PWM_Stop
 .text.HAL_TIM_IC_Init
                0x000000000800782c       0x9e ./Drivers/STM32F4xx_HAL_Driver/Src/stm32f4xx_hal_tim.o
                0x000000000800782c                HAL_TIM_IC_Init
 *fill*         0x00000000080078ca        0x2 
 .text.HAL_TIM_IC_Start
                0x00000000080078cc      0x1b8 ./Drivers/STM32F4xx_HAL_Driver/Src/stm32f4xx_hal_tim.o
                0x00000000080078cc                HAL_TIM_IC_Start
 .text.HAL_TIM_IC_Stop
                0x0000000008007a84       0xc2 ./Drivers/STM32F4xx_HAL_Driver/Src/stm32f4xx_hal_tim.o
                0x0000000008007a84                HAL_TIM_IC_Stop
 *fill*         0x0000000008007b46        0x2 
 .text.HAL_TIM_OC_ConfigChannel
                0x0000000008007b48       0xb8 ./Drivers/STM32F4xx_HAL_Driver/Src/stm32f4xx_hal_tim.o
                0x0000000008007b48                HAL_TIM_OC_ConfigChannel
 .text.HAL_TIM_IC_ConfigChannel
                0x0000000008007c00      0x138 ./Drivers/STM32F4xx_HAL_Driver/Src/stm32f4xx_hal_tim.o
                0x0000000008007c00                HAL_TIM_IC_ConfigChannel
 .text.HAL_TIM_PWM_ConfigChannel
                0x0000000008007d38      0x184 ./Drivers/STM32F4xx_HAL_Driver/Src/stm32f4xx_hal_tim.o
                0x0000000008007d38                HAL_TIM_PWM_ConfigChannel
 .text.HAL_TIM_ConfigClockSource
                0x0000000008007ebc      0x18e ./Drivers/STM32F4xx_HAL_Driver/Src/stm32f4xx_hal_tim.o
                0x0000000008007ebc                HAL_TIM_ConfigClockSource
 *fill*         0x000000000800804a        0x2 
 .text.TIM_Base_SetConfig
                0x000000000800804c      0x158 ./Drivers/STM32F4xx_HAL_Driver/Src/stm32f4xx_hal_tim.o
                0x000000000800804c                TIM_Base_SetConfig
 .text.TIM_OC1_SetConfig
                0x00000000080081a4       0xe0 ./Drivers/STM32F4xx_HAL_Driver/Src/stm32f4xx_hal_tim.o
 .text.TIM_OC2_SetConfig
                0x0000000008008284       0xec ./Drivers/STM32F4xx_HAL_Driver/Src/stm32f4xx_hal_tim.o
                0x0000000008008284                TIM_OC2_SetConfig
 .text.TIM_OC3_SetConfig
                0x0000000008008370       0xe8 ./Drivers/STM32F4xx_HAL_Driver/Src/stm32f4xx_hal_tim.o
 .text.TIM_OC4_SetConfig
                0x0000000008008458       0xac ./Drivers/STM32F4xx_HAL_Driver/Src/stm32f4xx_hal_tim.o
 .text.TIM_TI1_SetConfig
                0x0000000008008504       0xe8 ./Drivers/STM32F4xx_HAL_Driver/Src/stm32f4xx_hal_tim.o
                0x0000000008008504                TIM_TI1_SetConfig
 .text.TIM_TI1_ConfigInputStage
                0x00000000080085ec       0x5e ./Drivers/STM32F4xx_HAL_Driver/Src/stm32f4xx_hal_tim.o
 .text.TIM_TI2_SetConfig
                0x000000000800864a       0x7a ./Drivers/STM32F4xx_HAL_Driver/Src/stm32f4xx_hal_tim.o
 .text.TIM_TI2_ConfigInputStage
                0x00000000080086c4       0x60 ./Drivers/STM32F4xx_HAL_Driver/Src/stm32f4xx_hal_tim.o
 .text.TIM_TI3_SetConfig
                0x0000000008008724       0x78 ./Drivers/STM32F4xx_HAL_Driver/Src/stm32f4xx_hal_tim.o
 .text.TIM_TI4_SetConfig
                0x000000000800879c       0x7a ./Drivers/STM32F4xx_HAL_Driver/Src/stm32f4xx_hal_tim.o
 .text.TIM_ITRx_SetConfig
                0x0000000008008816       0x36 ./Drivers/STM32F4xx_HAL_Driver/Src/stm32f4xx_hal_tim.o
 .text.TIM_ETR_SetConfig
                0x000000000800884c       0x40 ./Drivers/STM32F4xx_HAL_Driver/Src/stm32f4xx_hal_tim.o
                0x000000000800884c                TIM_ETR_SetConfig
 .text.TIM_CCxChannelCmd
                0x000000000800888c       0x4a ./Drivers/STM32F4xx_HAL_Driver/Src/stm32f4xx_hal_tim.o
                0x000000000800888c                TIM_CCxChannelCmd
 *fill*         0x00000000080088d6        0x2 
 .text.HAL_TIMEx_MasterConfigSynchronization
                0x00000000080088d8       0xf8 ./Drivers/STM32F4xx_HAL_Driver/Src/stm32f4xx_hal_tim_ex.o
                0x00000000080088d8                HAL_TIMEx_MasterConfigSynchronization
 .text.HAL_TIMEx_ConfigBreakDeadTime
                0x00000000080089d0       0xa4 ./Drivers/STM32F4xx_HAL_Driver/Src/stm32f4xx_hal_tim_ex.o
                0x00000000080089d0                HAL_TIMEx_ConfigBreakDeadTime
 .text.HAL_UART_Init
                0x0000000008008a74       0xa0 ./Drivers/STM32F4xx_HAL_Driver/Src/stm32f4xx_hal_uart.o
                0x0000000008008a74                HAL_UART_Init
 .text.HAL_UART_Transmit
                0x0000000008008b14      0x116 ./Drivers/STM32F4xx_HAL_Driver/Src/stm32f4xx_hal_uart.o
                0x0000000008008b14                HAL_UART_Transmit
 .text.UART_WaitOnFlagUntilTimeout
                0x0000000008008c2a       0xb2 ./Drivers/STM32F4xx_HAL_Driver/Src/stm32f4xx_hal_uart.o
 .text.UART_EndRxTransfer
                0x0000000008008cdc       0xc6 ./Drivers/STM32F4xx_HAL_Driver/Src/stm32f4xx_hal_uart.o
 *fill*         0x0000000008008da2        0x2 
 .text.UART_SetConfig
                0x0000000008008da4      0x4e8 ./Drivers/STM32F4xx_HAL_Driver/Src/stm32f4xx_hal_uart.o
 .text.USB_CoreInit
                0x000000000800928c       0xc8 ./Drivers/STM32F4xx_HAL_Driver/Src/stm32f4xx_ll_usb.o
                0x000000000800928c                USB_CoreInit
 .text.USB_EnableGlobalInt
                0x0000000008009354       0x22 ./Drivers/STM32F4xx_HAL_Driver/Src/stm32f4xx_ll_usb.o
                0x0000000008009354                USB_EnableGlobalInt
 .text.USB_DisableGlobalInt
                0x0000000008009376       0x22 ./Drivers/STM32F4xx_HAL_Driver/Src/stm32f4xx_ll_usb.o
                0x0000000008009376                USB_DisableGlobalInt
 .text.USB_SetCurrentMode
                0x0000000008009398       0x98 ./Drivers/STM32F4xx_HAL_Driver/Src/stm32f4xx_ll_usb.o
                0x0000000008009398                USB_SetCurrentMode
 .text.USB_DevInit
                0x0000000008009430      0x2bc ./Drivers/STM32F4xx_HAL_Driver/Src/stm32f4xx_ll_usb.o
                0x0000000008009430                USB_DevInit
 .text.USB_FlushTxFifo
                0x00000000080096ec       0x64 ./Drivers/STM32F4xx_HAL_Driver/Src/stm32f4xx_ll_usb.o
                0x00000000080096ec                USB_FlushTxFifo
 .text.USB_FlushRxFifo
                0x0000000008009750       0x5c ./Drivers/STM32F4xx_HAL_Driver/Src/stm32f4xx_ll_usb.o
                0x0000000008009750                USB_FlushRxFifo
 .text.USB_SetDevSpeed
                0x00000000080097ac       0x32 ./Drivers/STM32F4xx_HAL_Driver/Src/stm32f4xx_ll_usb.o
                0x00000000080097ac                USB_SetDevSpeed
 .text.USB_WritePacket
                0x00000000080097de       0x7c ./Drivers/STM32F4xx_HAL_Driver/Src/stm32f4xx_ll_usb.o
                0x00000000080097de                USB_WritePacket
 .text.USB_ReadPacket
                0x000000000800985a       0xb0 ./Drivers/STM32F4xx_HAL_Driver/Src/stm32f4xx_ll_usb.o
                0x000000000800985a                USB_ReadPacket
 .text.USB_DevDisconnect
                0x000000000800990a       0x42 ./Drivers/STM32F4xx_HAL_Driver/Src/stm32f4xx_ll_usb.o
                0x000000000800990a                USB_DevDisconnect
 .text.USB_ReadInterrupts
                0x000000000800994c       0x26 ./Drivers/STM32F4xx_HAL_Driver/Src/stm32f4xx_ll_usb.o
                0x000000000800994c                USB_ReadInterrupts
 .text.USB_ReadChInterrupts
                0x0000000008009972       0x42 ./Drivers/STM32F4xx_HAL_Driver/Src/stm32f4xx_ll_usb.o
                0x0000000008009972                USB_ReadChInterrupts
 .text.USB_GetMode
                0x00000000080099b4       0x1c ./Drivers/STM32F4xx_HAL_Driver/Src/stm32f4xx_ll_usb.o
                0x00000000080099b4                USB_GetMode
 .text.USB_CoreReset
                0x00000000080099d0       0x62 ./Drivers/STM32F4xx_HAL_Driver/Src/stm32f4xx_ll_usb.o
 *fill*         0x0000000008009a32        0x2 
 .text.USB_HostInit
                0x0000000008009a34      0x170 ./Drivers/STM32F4xx_HAL_Driver/Src/stm32f4xx_ll_usb.o
                0x0000000008009a34                USB_HostInit
 .text.USB_InitFSLSPClkSel
                0x0000000008009ba4       0x7a ./Drivers/STM32F4xx_HAL_Driver/Src/stm32f4xx_ll_usb.o
                0x0000000008009ba4                USB_InitFSLSPClkSel
 .text.USB_ResetPort
                0x0000000008009c1e       0x54 ./Drivers/STM32F4xx_HAL_Driver/Src/stm32f4xx_ll_usb.o
                0x0000000008009c1e                USB_ResetPort
 .text.USB_DriveVbus
                0x0000000008009c72       0x72 ./Drivers/STM32F4xx_HAL_Driver/Src/stm32f4xx_ll_usb.o
                0x0000000008009c72                USB_DriveVbus
 .text.USB_GetHostSpeed
                0x0000000008009ce4       0x2e ./Drivers/STM32F4xx_HAL_Driver/Src/stm32f4xx_ll_usb.o
                0x0000000008009ce4                USB_GetHostSpeed
 .text.USB_GetCurrentFrame
                0x0000000008009d12       0x22 ./Drivers/STM32F4xx_HAL_Driver/Src/stm32f4xx_ll_usb.o
                0x0000000008009d12                USB_GetCurrentFrame
 .text.USB_HC_Init
                0x0000000008009d34      0x258 ./Drivers/STM32F4xx_HAL_Driver/Src/stm32f4xx_ll_usb.o
                0x0000000008009d34                USB_HC_Init
 .text.USB_HC_StartXfer
                0x0000000008009f8c      0x4f4 ./Drivers/STM32F4xx_HAL_Driver/Src/stm32f4xx_ll_usb.o
                0x0000000008009f8c                USB_HC_StartXfer
 .text.USB_HC_ReadInterrupt
                0x000000000800a480       0x22 ./Drivers/STM32F4xx_HAL_Driver/Src/stm32f4xx_ll_usb.o
                0x000000000800a480                USB_HC_ReadInterrupt
 .text.USB_HC_Halt
                0x000000000800a4a2      0x240 ./Drivers/STM32F4xx_HAL_Driver/Src/stm32f4xx_ll_usb.o
                0x000000000800a4a2                USB_HC_Halt
 *fill*         0x000000000800a6e2        0x2 
 .text.USB_DoPing
                0x000000000800a6e4       0x78 ./Drivers/STM32F4xx_HAL_Driver/Src/stm32f4xx_ll_usb.o
                0x000000000800a6e4                USB_DoPing
 .text.USB_StopHost
                0x000000000800a75c      0x124 ./Drivers/STM32F4xx_HAL_Driver/Src/stm32f4xx_ll_usb.o
                0x000000000800a75c                USB_StopHost
 .text.MX_FATFS_Init
                0x000000000800a880       0x24 ./FATFS/App/fatfs.o
                0x000000000800a880                MX_FATFS_Init
 .text.USBH_initialize
                0x000000000800a8a4       0x18 ./FATFS/Target/usbh_diskio.o
                0x000000000800a8a4                USBH_initialize
 .text.USBH_status
                0x000000000800a8bc       0x38 ./FATFS/Target/usbh_diskio.o
                0x000000000800a8bc                USBH_status
 .text.USBH_read
                0x000000000800a8f4       0x74 ./FATFS/Target/usbh_diskio.o
                0x000000000800a8f4                USBH_read
 .text.USBH_write
                0x000000000800a968       0x84 ./FATFS/Target/usbh_diskio.o
                0x000000000800a968                USBH_write
 .text.USBH_ioctl
                0x000000000800a9ec       0xd8 ./FATFS/Target/usbh_diskio.o
                0x000000000800a9ec                USBH_ioctl
 .text.USBH_MSC_InterfaceInit
                0x000000000800aac4      0x244 ./Middlewares/ST/STM32_USB_Host_Library/Class/MSC/Src/usbh_msc.o
 .text.USBH_MSC_InterfaceDeInit
                0x000000000800ad08       0x8c ./Middlewares/ST/STM32_USB_Host_Library/Class/MSC/Src/usbh_msc.o
 .text.USBH_MSC_ClassRequest
                0x000000000800ad94       0xce ./Middlewares/ST/STM32_USB_Host_Library/Class/MSC/Src/usbh_msc.o
 *fill*         0x000000000800ae62        0x2 
 .text.USBH_MSC_Process
                0x000000000800ae64      0x520 ./Middlewares/ST/STM32_USB_Host_Library/Class/MSC/Src/usbh_msc.o
 .text.USBH_MSC_SOFProcess
                0x000000000800b384       0x16 ./Middlewares/ST/STM32_USB_Host_Library/Class/MSC/Src/usbh_msc.o
 .text.USBH_MSC_RdWrProcess
                0x000000000800b39a      0x19e ./Middlewares/ST/STM32_USB_Host_Library/Class/MSC/Src/usbh_msc.o
 .text.USBH_MSC_UnitIsReady
                0x000000000800b538       0x4c ./Middlewares/ST/STM32_USB_Host_Library/Class/MSC/Src/usbh_msc.o
                0x000000000800b538                USBH_MSC_UnitIsReady
 .text.USBH_MSC_GetLUNInfo
                0x000000000800b584       0x48 ./Middlewares/ST/STM32_USB_Host_Library/Class/MSC/Src/usbh_msc.o
                0x000000000800b584                USBH_MSC_GetLUNInfo
 .text.USBH_MSC_Read
                0x000000000800b5cc       0xd2 ./Middlewares/ST/STM32_USB_Host_Library/Class/MSC/Src/usbh_msc.o
                0x000000000800b5cc                USBH_MSC_Read
 .text.USBH_MSC_Write
                0x000000000800b69e       0xd2 ./Middlewares/ST/STM32_USB_Host_Library/Class/MSC/Src/usbh_msc.o
                0x000000000800b69e                USBH_MSC_Write
 .text.USBH_MSC_BOT_REQ_Reset
                0x000000000800b770       0x3a ./Middlewares/ST/STM32_USB_Host_Library/Class/MSC/Src/usbh_msc_bot.o
                0x000000000800b770                USBH_MSC_BOT_REQ_Reset
 .text.USBH_MSC_BOT_REQ_GetMaxLUN
                0x000000000800b7aa       0x3c ./Middlewares/ST/STM32_USB_Host_Library/Class/MSC/Src/usbh_msc_bot.o
                0x000000000800b7aa                USBH_MSC_BOT_REQ_GetMaxLUN
 *fill*         0x000000000800b7e6        0x2 
 .text.USBH_MSC_BOT_Init
                0x000000000800b7e8       0x44 ./Middlewares/ST/STM32_USB_Host_Library/Class/MSC/Src/usbh_msc_bot.o
                0x000000000800b7e8                USBH_MSC_BOT_Init
 .text.USBH_MSC_BOT_Process
                0x000000000800b82c      0x39c ./Middlewares/ST/STM32_USB_Host_Library/Class/MSC/Src/usbh_msc_bot.o
                0x000000000800b82c                USBH_MSC_BOT_Process
 .text.USBH_MSC_BOT_Abort
                0x000000000800bbc8       0x58 ./Middlewares/ST/STM32_USB_Host_Library/Class/MSC/Src/usbh_msc_bot.o
 .text.USBH_MSC_DecodeCSW
                0x000000000800bc20       0x88 ./Middlewares/ST/STM32_USB_Host_Library/Class/MSC/Src/usbh_msc_bot.o
 .text.USBH_MSC_SCSI_TestUnitReady
                0x000000000800bca8       0x86 ./Middlewares/ST/STM32_USB_Host_Library/Class/MSC/Src/usbh_msc_scsi.o
                0x000000000800bca8                USBH_MSC_SCSI_TestUnitReady
 .text.USBH_MSC_SCSI_ReadCapacity
                0x000000000800bd2e       0xf6 ./Middlewares/ST/STM32_USB_Host_Library/Class/MSC/Src/usbh_msc_scsi.o
                0x000000000800bd2e                USBH_MSC_SCSI_ReadCapacity
 .text.USBH_MSC_SCSI_Inquiry
                0x000000000800be24      0x14a ./Middlewares/ST/STM32_USB_Host_Library/Class/MSC/Src/usbh_msc_scsi.o
                0x000000000800be24                USBH_MSC_SCSI_Inquiry
 .text.USBH_MSC_SCSI_RequestSense
                0x000000000800bf6e       0xf2 ./Middlewares/ST/STM32_USB_Host_Library/Class/MSC/Src/usbh_msc_scsi.o
                0x000000000800bf6e                USBH_MSC_SCSI_RequestSense
 .text.USBH_MSC_SCSI_Write
                0x000000000800c060       0xd6 ./Middlewares/ST/STM32_USB_Host_Library/Class/MSC/Src/usbh_msc_scsi.o
                0x000000000800c060                USBH_MSC_SCSI_Write
 .text.USBH_MSC_SCSI_Read
                0x000000000800c136       0xd6 ./Middlewares/ST/STM32_USB_Host_Library/Class/MSC/Src/usbh_msc_scsi.o
                0x000000000800c136                USBH_MSC_SCSI_Read
 .text.USBH_Init
                0x000000000800c20c       0x74 ./Middlewares/ST/STM32_USB_Host_Library/Core/Src/usbh_core.o
                0x000000000800c20c                USBH_Init
 .text.DeInitStateMachine
                0x000000000800c280       0xe6 ./Middlewares/ST/STM32_USB_Host_Library/Core/Src/usbh_core.o
 .text.USBH_RegisterClass
                0x000000000800c366       0x54 ./Middlewares/ST/STM32_USB_Host_Library/Core/Src/usbh_core.o
                0x000000000800c366                USBH_RegisterClass
 .text.USBH_SelectInterface
                0x000000000800c3ba       0x38 ./Middlewares/ST/STM32_USB_Host_Library/Core/Src/usbh_core.o
                0x000000000800c3ba                USBH_SelectInterface
 .text.USBH_FindInterface
                0x000000000800c3f2       0x8c ./Middlewares/ST/STM32_USB_Host_Library/Core/Src/usbh_core.o
                0x000000000800c3f2                USBH_FindInterface
 .text.USBH_Start
                0x000000000800c47e       0x20 ./Middlewares/ST/STM32_USB_Host_Library/Core/Src/usbh_core.o
                0x000000000800c47e                USBH_Start
 *fill*         0x000000000800c49e        0x2 
 .text.USBH_Process
                0x000000000800c4a0      0x3d8 ./Middlewares/ST/STM32_USB_Host_Library/Core/Src/usbh_core.o
                0x000000000800c4a0                USBH_Process
 .text.USBH_HandleEnum
                0x000000000800c878      0x3c8 ./Middlewares/ST/STM32_USB_Host_Library/Core/Src/usbh_core.o
 .text.USBH_LL_SetTimer
                0x000000000800cc40       0x1e ./Middlewares/ST/STM32_USB_Host_Library/Core/Src/usbh_core.o
                0x000000000800cc40                USBH_LL_SetTimer
 .text.USBH_LL_IncTimer
                0x000000000800cc5e       0x24 ./Middlewares/ST/STM32_USB_Host_Library/Core/Src/usbh_core.o
                0x000000000800cc5e                USBH_LL_IncTimer
 .text.USBH_HandleSof
                0x000000000800cc82       0x30 ./Middlewares/ST/STM32_USB_Host_Library/Core/Src/usbh_core.o
 .text.USBH_LL_PortEnabled
                0x000000000800ccb2       0x1c ./Middlewares/ST/STM32_USB_Host_Library/Core/Src/usbh_core.o
                0x000000000800ccb2                USBH_LL_PortEnabled
 .text.USBH_LL_PortDisabled
                0x000000000800ccce       0x1c ./Middlewares/ST/STM32_USB_Host_Library/Core/Src/usbh_core.o
                0x000000000800ccce                USBH_LL_PortDisabled
 .text.USBH_LL_Connect
                0x000000000800ccea       0x2e ./Middlewares/ST/STM32_USB_Host_Library/Core/Src/usbh_core.o
                0x000000000800ccea                USBH_LL_Connect
 .text.USBH_LL_Disconnect
                0x000000000800cd18       0x48 ./Middlewares/ST/STM32_USB_Host_Library/Core/Src/usbh_core.o
                0x000000000800cd18                USBH_LL_Disconnect
 .text.USBH_Get_DevDesc
                0x000000000800cd60       0x58 ./Middlewares/ST/STM32_USB_Host_Library/Core/Src/usbh_ctlreq.o
                0x000000000800cd60                USBH_Get_DevDesc
 .text.USBH_Get_CfgDesc
                0x000000000800cdb8       0x54 ./Middlewares/ST/STM32_USB_Host_Library/Core/Src/usbh_ctlreq.o
                0x000000000800cdb8                USBH_Get_CfgDesc
 .text.USBH_Get_StringDesc
                0x000000000800ce0c       0x68 ./Middlewares/ST/STM32_USB_Host_Library/Core/Src/usbh_ctlreq.o
                0x000000000800ce0c                USBH_Get_StringDesc
 .text.USBH_GetDescriptor
                0x000000000800ce74       0x6a ./Middlewares/ST/STM32_USB_Host_Library/Core/Src/usbh_ctlreq.o
                0x000000000800ce74                USBH_GetDescriptor
 .text.USBH_SetAddress
                0x000000000800cede       0x48 ./Middlewares/ST/STM32_USB_Host_Library/Core/Src/usbh_ctlreq.o
                0x000000000800cede                USBH_SetAddress
 .text.USBH_SetCfg
                0x000000000800cf26       0x46 ./Middlewares/ST/STM32_USB_Host_Library/Core/Src/usbh_ctlreq.o
                0x000000000800cf26                USBH_SetCfg
 .text.USBH_SetFeature
                0x000000000800cf6c       0x48 ./Middlewares/ST/STM32_USB_Host_Library/Core/Src/usbh_ctlreq.o
                0x000000000800cf6c                USBH_SetFeature
 .text.USBH_ClrFeature
                0x000000000800cfb4       0x48 ./Middlewares/ST/STM32_USB_Host_Library/Core/Src/usbh_ctlreq.o
                0x000000000800cfb4                USBH_ClrFeature
 .text.USBH_ParseDevDesc
                0x000000000800cffc      0x168 ./Middlewares/ST/STM32_USB_Host_Library/Core/Src/usbh_ctlreq.o
 .text.USBH_ParseCfgDesc
                0x000000000800d164      0x1f2 ./Middlewares/ST/STM32_USB_Host_Library/Core/Src/usbh_ctlreq.o
 .text.USBH_ParseInterfaceDesc
                0x000000000800d356       0x68 ./Middlewares/ST/STM32_USB_Host_Library/Core/Src/usbh_ctlreq.o
 .text.USBH_ParseEPDesc
                0x000000000800d3be      0x1d2 ./Middlewares/ST/STM32_USB_Host_Library/Core/Src/usbh_ctlreq.o
 .text.USBH_ParseStringDesc
                0x000000000800d590       0x66 ./Middlewares/ST/STM32_USB_Host_Library/Core/Src/usbh_ctlreq.o
 .text.USBH_GetNextDesc
                0x000000000800d5f6       0x36 ./Middlewares/ST/STM32_USB_Host_Library/Core/Src/usbh_ctlreq.o
                0x000000000800d5f6                USBH_GetNextDesc
 .text.USBH_CtlReq
                0x000000000800d62c       0x7a ./Middlewares/ST/STM32_USB_Host_Library/Core/Src/usbh_ctlreq.o
                0x000000000800d62c                USBH_CtlReq
 *fill*         0x000000000800d6a6        0x2 
 .text.USBH_HandleControl
                0x000000000800d6a8      0x2e8 ./Middlewares/ST/STM32_USB_Host_Library/Core/Src/usbh_ctlreq.o
 .text.USBH_CtlSendSetup
                0x000000000800d990       0x34 ./Middlewares/ST/STM32_USB_Host_Library/Core/Src/usbh_ioreq.o
                0x000000000800d990                USBH_CtlSendSetup
 .text.USBH_CtlSendData
                0x000000000800d9c4       0x4a ./Middlewares/ST/STM32_USB_Host_Library/Core/Src/usbh_ioreq.o
                0x000000000800d9c4                USBH_CtlSendData
 .text.USBH_CtlReceiveData
                0x000000000800da0e       0x3c ./Middlewares/ST/STM32_USB_Host_Library/Core/Src/usbh_ioreq.o
                0x000000000800da0e                USBH_CtlReceiveData
 .text.USBH_BulkSendData
                0x000000000800da4a       0x4a ./Middlewares/ST/STM32_USB_Host_Library/Core/Src/usbh_ioreq.o
                0x000000000800da4a                USBH_BulkSendData
 .text.USBH_BulkReceiveData
                0x000000000800da94       0x3c ./Middlewares/ST/STM32_USB_Host_Library/Core/Src/usbh_ioreq.o
                0x000000000800da94                USBH_BulkReceiveData
 .text.USBH_OpenPipe
                0x000000000800dad0       0x3e ./Middlewares/ST/STM32_USB_Host_Library/Core/Src/usbh_pipes.o
                0x000000000800dad0                USBH_OpenPipe
 .text.USBH_ClosePipe
                0x000000000800db0e       0x20 ./Middlewares/ST/STM32_USB_Host_Library/Core/Src/usbh_pipes.o
                0x000000000800db0e                USBH_ClosePipe
 .text.USBH_AllocPipe
                0x000000000800db2e       0x42 ./Middlewares/ST/STM32_USB_Host_Library/Core/Src/usbh_pipes.o
                0x000000000800db2e                USBH_AllocPipe
 .text.USBH_FreePipe
                0x000000000800db70       0x3c ./Middlewares/ST/STM32_USB_Host_Library/Core/Src/usbh_pipes.o
                0x000000000800db70                USBH_FreePipe
 .text.USBH_GetFreePipe
                0x000000000800dbac       0x48 ./Middlewares/ST/STM32_USB_Host_Library/Core/Src/usbh_pipes.o
 .text.FATFS_LinkDriverEx
                0x000000000800dbf4       0x98 ./Middlewares/Third_Party/FatFs/src/ff_gen_drv.o
                0x000000000800dbf4                FATFS_LinkDriverEx
 .text.FATFS_LinkDriver
                0x000000000800dc8c       0x1e ./Middlewares/Third_Party/FatFs/src/ff_gen_drv.o
                0x000000000800dc8c                FATFS_LinkDriver
 *fill*         0x000000000800dcaa        0x2 
 .text.MX_USB_HOST_Init
                0x000000000800dcac       0x4c ./USB_HOST/App/usb_host.o
                0x000000000800dcac                MX_USB_HOST_Init
 .text.MX_USB_HOST_Process
                0x000000000800dcf8       0x14 ./USB_HOST/App/usb_host.o
                0x000000000800dcf8                MX_USB_HOST_Process
 .text.USBH_UserProcess
                0x000000000800dd0c       0x5c ./USB_HOST/App/usb_host.o
 .text.HAL_HCD_MspInit
                0x000000000800dd68       0xd4 ./USB_HOST/Target/usbh_conf.o
                0x000000000800dd68                HAL_HCD_MspInit
 .text.HAL_HCD_SOF_Callback
                0x000000000800de3c       0x1c ./USB_HOST/Target/usbh_conf.o
                0x000000000800de3c                HAL_HCD_SOF_Callback
 .text.HAL_HCD_Connect_Callback
                0x000000000800de58       0x1c ./USB_HOST/Target/usbh_conf.o
                0x000000000800de58                HAL_HCD_Connect_Callback
 .text.HAL_HCD_Disconnect_Callback
                0x000000000800de74       0x1c ./USB_HOST/Target/usbh_conf.o
                0x000000000800de74                HAL_HCD_Disconnect_Callback
 .text.HAL_HCD_HC_NotifyURBChange_Callback
                0x000000000800de90       0x1c ./USB_HOST/Target/usbh_conf.o
                0x000000000800de90                HAL_HCD_HC_NotifyURBChange_Callback
 .text.HAL_HCD_PortEnabled_Callback
                0x000000000800deac       0x1c ./USB_HOST/Target/usbh_conf.o
                0x000000000800deac                HAL_HCD_PortEnabled_Callback
 .text.HAL_HCD_PortDisabled_Callback
                0x000000000800dec8       0x1c ./USB_HOST/Target/usbh_conf.o
                0x000000000800dec8                HAL_HCD_PortDisabled_Callback
 .text.USBH_LL_Init
                0x000000000800dee4       0x78 ./USB_HOST/Target/usbh_conf.o
                0x000000000800dee4                USBH_LL_Init
 .text.USBH_LL_Start
                0x000000000800df5c       0x36 ./USB_HOST/Target/usbh_conf.o
                0x000000000800df5c                USBH_LL_Start
 .text.USBH_LL_Stop
                0x000000000800df92       0x36 ./USB_HOST/Target/usbh_conf.o
                0x000000000800df92                USBH_LL_Stop
 .text.USBH_LL_GetSpeed
                0x000000000800dfc8       0x4e ./USB_HOST/Target/usbh_conf.o
                0x000000000800dfc8                USBH_LL_GetSpeed
 .text.USBH_LL_ResetPort
                0x000000000800e016       0x36 ./USB_HOST/Target/usbh_conf.o
                0x000000000800e016                USBH_LL_ResetPort
 .text.USBH_LL_GetLastXferSize
                0x000000000800e04c       0x26 ./USB_HOST/Target/usbh_conf.o
                0x000000000800e04c                USBH_LL_GetLastXferSize
 .text.USBH_LL_OpenPipe
                0x000000000800e072       0x5e ./USB_HOST/Target/usbh_conf.o
                0x000000000800e072                USBH_LL_OpenPipe
 .text.USBH_LL_ClosePipe
                0x000000000800e0d0       0x3e ./USB_HOST/Target/usbh_conf.o
                0x000000000800e0d0                USBH_LL_ClosePipe
 .text.USBH_LL_SubmitURB
                0x000000000800e10e       0x62 ./USB_HOST/Target/usbh_conf.o
                0x000000000800e10e                USBH_LL_SubmitURB
 .text.USBH_LL_GetURBState
                0x000000000800e170       0x26 ./USB_HOST/Target/usbh_conf.o
                0x000000000800e170                USBH_LL_GetURBState
 .text.USBH_LL_DriverVBUS
                0x000000000800e196       0x1c ./USB_HOST/Target/usbh_conf.o
                0x000000000800e196                USBH_LL_DriverVBUS
 .text.USBH_LL_SetToggle
                0x000000000800e1b2       0x66 ./USB_HOST/Target/usbh_conf.o
                0x000000000800e1b2                USBH_LL_SetToggle
 .text.USBH_LL_GetToggle
                0x000000000800e218       0x66 ./USB_HOST/Target/usbh_conf.o
                0x000000000800e218                USBH_LL_GetToggle
 .text.USBH_Delay
                0x000000000800e27e       0x16 ./USB_HOST/Target/usbh_conf.o
                0x000000000800e27e                USBH_Delay
 .text.USBH_Get_USB_Status
                0x000000000800e294       0x58 ./USB_HOST/Target/usbh_conf.o
                0x000000000800e294                USBH_Get_USB_Status
 .text.GetAddressRange
                0x000000000800e2ec       0x94 ./main_app/src/flash.o
 .text.EraseFlashSector
                0x000000000800e380       0x46 ./main_app/src/flash.o
 .text.WriteToFlashAddress
                0x000000000800e3c6       0x66 ./main_app/src/flash.o
                0x000000000800e3c6                WriteToFlashAddress
 .text.ReadFromFlashAddress
                0x000000000800e42c       0x20 ./main_app/src/flash.o
                0x000000000800e42c                ReadFromFlashAddress
 .text.GetSectorForAddress
                0x000000000800e44c       0x34 ./main_app/src/flash.o
                0x000000000800e44c                GetSectorForAddress
 .text.WriteDataToFlash
                0x000000000800e480       0x8a ./main_app/src/flash.o
                0x000000000800e480                WriteDataToFlash
 *fill*         0x000000000800e50a        0x2 
 .text.FindNextWriteAddress
                0x000000000800e50c       0x70 ./main_app/src/flash.o
 .text.AppendData
                0x000000000800e57c       0xd4 ./main_app/src/flash.o
                0x000000000800e57c                AppendData
 .text.WriteDarkCount
                0x000000000800e650       0xb6 ./main_app/src/flash.o
                0x000000000800e650                WriteDarkCount
 *fill*         0x000000000800e706        0x2 
 .text.PerformGarbageCollection
                0x000000000800e708      0x13c ./main_app/src/flash.o
                0x000000000800e708                PerformGarbageCollection
 .text.initLevelSense_SingleEnded
                0x000000000800e844       0xaa ./main_app/src/levelSense.o
                0x000000000800e844                initLevelSense_SingleEnded
 .text.readValue_singleEnded
                0x000000000800e8ee      0x138 ./main_app/src/levelSense.o
                0x000000000800e8ee                readValue_singleEnded
 .text.initLevelSensors
                0x000000000800ea26       0x6c ./main_app/src/levelSense.o
                0x000000000800ea26                initLevelSensors
 *fill*         0x000000000800ea92        0x2 
 .text.readLevelSensors
                0x000000000800ea94      0x15c ./main_app/src/levelSense.o
                0x000000000800ea94                readLevelSensors
 .text.calculate_level
                0x000000000800ebf0       0x54 ./main_app/src/levelSense.o
                0x000000000800ebf0                calculate_level
 .text.main_app
                0x000000000800ec44       0x20 ./main_app/src/main_app.o
                0x000000000800ec44                main_app
 .text.HMI_changepage
                0x000000000800ec64       0x56 ./main_app/src/main_app.o
                0x000000000800ec64                HMI_changepage
 *fill*         0x000000000800ecba        0x2 
 .text.PULSES_darkcount
                0x000000000800ecbc       0x48 ./main_app/src/pulses.o
                0x000000000800ecbc                PULSES_darkcount
 .text.StateTransition
                0x000000000800ed04       0x8c ./main_app/src/states.o
                0x000000000800ed04                StateTransition
 .text.stateInit
                0x000000000800ed90       0x48 ./main_app/src/states.o
                0x000000000800ed90                stateInit
 .text.stateStartUp
                0x000000000800edd8       0x78 ./main_app/src/states.o
                0x000000000800edd8                stateStartUp
 .text.stateHomeMenu
                0x000000000800ee50        0xe ./main_app/src/states.o
                0x000000000800ee50                stateHomeMenu
 .text.stateError
                0x000000000800ee5e        0xe ./main_app/src/states.o
                0x000000000800ee5e                stateError
 .text.cuvetteRotate
                0x000000000800ee6c      0x100 ./main_app/src/stepperDriver.o
                0x000000000800ee6c                cuvetteRotate
 .text.malloc   0x000000000800ef6c       0x10 C:/ST/STM32CubeIDE_1.14.0/STM32CubeIDE/plugins/com.st.stm32cube.ide.mcu.externaltools.gnu-tools-for-stm32.11.3.rel1.win32_1.1.100.202309141235/tools/bin/../lib/gcc/arm-none-eabi/11.3.1/../../../../arm-none-eabi/lib/thumb/v7e-m+fp/hard\libc_nano.a(libc_a-malloc.o)
                0x000000000800ef6c                malloc
 .text.free     0x000000000800ef7c       0x10 C:/ST/STM32CubeIDE_1.14.0/STM32CubeIDE/plugins/com.st.stm32cube.ide.mcu.externaltools.gnu-tools-for-stm32.11.3.rel1.win32_1.1.100.202309141235/tools/bin/../lib/gcc/arm-none-eabi/11.3.1/../../../../arm-none-eabi/lib/thumb/v7e-m+fp/hard\libc_nano.a(libc_a-malloc.o)
                0x000000000800ef7c                free
 .text.sbrk_aligned
                0x000000000800ef8c       0x40 C:/ST/STM32CubeIDE_1.14.0/STM32CubeIDE/plugins/com.st.stm32cube.ide.mcu.externaltools.gnu-tools-for-stm32.11.3.rel1.win32_1.1.100.202309141235/tools/bin/../lib/gcc/arm-none-eabi/11.3.1/../../../../arm-none-eabi/lib/thumb/v7e-m+fp/hard\libc_nano.a(libc_a-mallocr.o)
 .text._malloc_r
                0x000000000800efcc      0x100 C:/ST/STM32CubeIDE_1.14.0/STM32CubeIDE/plugins/com.st.stm32cube.ide.mcu.externaltools.gnu-tools-for-stm32.11.3.rel1.win32_1.1.100.202309141235/tools/bin/../lib/gcc/arm-none-eabi/11.3.1/../../../../arm-none-eabi/lib/thumb/v7e-m+fp/hard\libc_nano.a(libc_a-mallocr.o)
                0x000000000800efcc                _malloc_r
 .text.__malloc_lock
                0x000000000800f0cc        0xc C:/ST/STM32CubeIDE_1.14.0/STM32CubeIDE/plugins/com.st.stm32cube.ide.mcu.externaltools.gnu-tools-for-stm32.11.3.rel1.win32_1.1.100.202309141235/tools/bin/../lib/gcc/arm-none-eabi/11.3.1/../../../../arm-none-eabi/lib/thumb/v7e-m+fp/hard\libc_nano.a(libc_a-mlock.o)
                0x000000000800f0cc                __malloc_lock
 .text.__malloc_unlock
                0x000000000800f0d8        0xc C:/ST/STM32CubeIDE_1.14.0/STM32CubeIDE/plugins/com.st.stm32cube.ide.mcu.externaltools.gnu-tools-for-stm32.11.3.rel1.win32_1.1.100.202309141235/tools/bin/../lib/gcc/arm-none-eabi/11.3.1/../../../../arm-none-eabi/lib/thumb/v7e-m+fp/hard\libc_nano.a(libc_a-mlock.o)
                0x000000000800f0d8                __malloc_unlock
 .text.memset   0x000000000800f0e4       0x10 C:/ST/STM32CubeIDE_1.14.0/STM32CubeIDE/plugins/com.st.stm32cube.ide.mcu.externaltools.gnu-tools-for-stm32.11.3.rel1.win32_1.1.100.202309141235/tools/bin/../lib/gcc/arm-none-eabi/11.3.1/../../../../arm-none-eabi/lib/thumb/v7e-m+fp/hard\libc_nano.a(libc_a-memset.o)
                0x000000000800f0e4                memset
 .text._sbrk_r  0x000000000800f0f4       0x20 C:/ST/STM32CubeIDE_1.14.0/STM32CubeIDE/plugins/com.st.stm32cube.ide.mcu.externaltools.gnu-tools-for-stm32.11.3.rel1.win32_1.1.100.202309141235/tools/bin/../lib/gcc/arm-none-eabi/11.3.1/../../../../arm-none-eabi/lib/thumb/v7e-m+fp/hard\libc_nano.a(libc_a-sbrkr.o)
                0x000000000800f0f4                _sbrk_r
 .text.__errno  0x000000000800f114        0xc C:/ST/STM32CubeIDE_1.14.0/STM32CubeIDE/plugins/com.st.stm32cube.ide.mcu.externaltools.gnu-tools-for-stm32.11.3.rel1.win32_1.1.100.202309141235/tools/bin/../lib/gcc/arm-none-eabi/11.3.1/../../../../arm-none-eabi/lib/thumb/v7e-m+fp/hard\libc_nano.a(libc_a-errno.o)
                0x000000000800f114                __errno
 .text.__libc_init_array
                0x000000000800f120       0x48 C:/ST/STM32CubeIDE_1.14.0/STM32CubeIDE/plugins/com.st.stm32cube.ide.mcu.externaltools.gnu-tools-for-stm32.11.3.rel1.win32_1.1.100.202309141235/tools/bin/../lib/gcc/arm-none-eabi/11.3.1/../../../../arm-none-eabi/lib/thumb/v7e-m+fp/hard\libc_nano.a(libc_a-init.o)
                0x000000000800f120                __libc_init_array
 .text.__retarget_lock_acquire_recursive
                0x000000000800f168        0x2 C:/ST/STM32CubeIDE_1.14.0/STM32CubeIDE/plugins/com.st.stm32cube.ide.mcu.externaltools.gnu-tools-for-stm32.11.3.rel1.win32_1.1.100.202309141235/tools/bin/../lib/gcc/arm-none-eabi/11.3.1/../../../../arm-none-eabi/lib/thumb/v7e-m+fp/hard\libc_nano.a(libc_a-lock.o)
                0x000000000800f168                __retarget_lock_acquire_recursive
 .text.__retarget_lock_release_recursive
                0x000000000800f16a        0x2 C:/ST/STM32CubeIDE_1.14.0/STM32CubeIDE/plugins/com.st.stm32cube.ide.mcu.externaltools.gnu-tools-for-stm32.11.3.rel1.win32_1.1.100.202309141235/tools/bin/../lib/gcc/arm-none-eabi/11.3.1/../../../../arm-none-eabi/lib/thumb/v7e-m+fp/hard\libc_nano.a(libc_a-lock.o)
                0x000000000800f16a                __retarget_lock_release_recursive
 .text.memcpy   0x000000000800f16c       0x1c C:/ST/STM32CubeIDE_1.14.0/STM32CubeIDE/plugins/com.st.stm32cube.ide.mcu.externaltools.gnu-tools-for-stm32.11.3.rel1.win32_1.1.100.202309141235/tools/bin/../lib/gcc/arm-none-eabi/11.3.1/../../../../arm-none-eabi/lib/thumb/v7e-m+fp/hard\libc_nano.a(libc_a-memcpy-stub.o)
                0x000000000800f16c                memcpy
 .text._free_r  0x000000000800f188       0x98 C:/ST/STM32CubeIDE_1.14.0/STM32CubeIDE/plugins/com.st.stm32cube.ide.mcu.externaltools.gnu-tools-for-stm32.11.3.rel1.win32_1.1.100.202309141235/tools/bin/../lib/gcc/arm-none-eabi/11.3.1/../../../../arm-none-eabi/lib/thumb/v7e-m+fp/hard\libc_nano.a(libc_a-freer.o)
                0x000000000800f188                _free_r
 *(.glue_7)
 .glue_7        0x000000000800f220        0x0 linker stubs
 *(.glue_7t)
 .glue_7t       0x000000000800f220        0x0 linker stubs
 *(.eh_frame)
 .eh_frame      0x000000000800f220        0x0 C:/ST/STM32CubeIDE_1.14.0/STM32CubeIDE/plugins/com.st.stm32cube.ide.mcu.externaltools.gnu-tools-for-stm32.11.3.rel1.win32_1.1.100.202309141235/tools/bin/../lib/gcc/arm-none-eabi/11.3.1/thumb/v7e-m+fp/hard/crtbegin.o
 *(.init)
 .init          0x000000000800f220        0x4 C:/ST/STM32CubeIDE_1.14.0/STM32CubeIDE/plugins/com.st.stm32cube.ide.mcu.externaltools.gnu-tools-for-stm32.11.3.rel1.win32_1.1.100.202309141235/tools/bin/../lib/gcc/arm-none-eabi/11.3.1/thumb/v7e-m+fp/hard/crti.o
                0x000000000800f220                _init
 .init          0x000000000800f224        0x8 C:/ST/STM32CubeIDE_1.14.0/STM32CubeIDE/plugins/com.st.stm32cube.ide.mcu.externaltools.gnu-tools-for-stm32.11.3.rel1.win32_1.1.100.202309141235/tools/bin/../lib/gcc/arm-none-eabi/11.3.1/thumb/v7e-m+fp/hard/crtn.o
 *(.fini)
 .fini          0x000000000800f22c        0x4 C:/ST/STM32CubeIDE_1.14.0/STM32CubeIDE/plugins/com.st.stm32cube.ide.mcu.externaltools.gnu-tools-for-stm32.11.3.rel1.win32_1.1.100.202309141235/tools/bin/../lib/gcc/arm-none-eabi/11.3.1/thumb/v7e-m+fp/hard/crti.o
                0x000000000800f22c                _fini
 .fini          0x000000000800f230        0x8 C:/ST/STM32CubeIDE_1.14.0/STM32CubeIDE/plugins/com.st.stm32cube.ide.mcu.externaltools.gnu-tools-for-stm32.11.3.rel1.win32_1.1.100.202309141235/tools/bin/../lib/gcc/arm-none-eabi/11.3.1/thumb/v7e-m+fp/hard/crtn.o
                0x000000000800f238                . = ALIGN (0x4)
                0x000000000800f238                _etext = .

.vfp11_veneer   0x000000000800f238        0x0
 .vfp11_veneer  0x000000000800f238        0x0 linker stubs

.v4_bx          0x000000000800f238        0x0
 .v4_bx         0x000000000800f238        0x0 linker stubs

.iplt           0x000000000800f238        0x0
 .iplt          0x000000000800f238        0x0 C:/ST/STM32CubeIDE_1.14.0/STM32CubeIDE/plugins/com.st.stm32cube.ide.mcu.externaltools.gnu-tools-for-stm32.11.3.rel1.win32_1.1.100.202309141235/tools/bin/../lib/gcc/arm-none-eabi/11.3.1/thumb/v7e-m+fp/hard/crtbegin.o

.rodata         0x000000000800f238       0x68
                0x000000000800f238                . = ALIGN (0x4)
 *(.rodata)
 .rodata        0x000000000800f238        0x4 ./Middlewares/ST/STM32_USB_Host_Library/Class/MSC/Src/usbh_msc.o
 .rodata        0x000000000800f23c        0x3 ./main_app/src/levelSense.o
 *(.rodata*)
 *fill*         0x000000000800f23f        0x1 
 .rodata.AHBPrescTable
                0x000000000800f240       0x10 ./Core/Src/system_stm32f4xx.o
                0x000000000800f240                AHBPrescTable
 .rodata.APBPrescTable
                0x000000000800f250        0x8 ./Core/Src/system_stm32f4xx.o
                0x000000000800f250                APBPrescTable
 .rodata.USBH_Driver
                0x000000000800f258       0x14 ./FATFS/Target/usbh_diskio.o
                0x000000000800f258                USBH_Driver
 .rodata.StateArray
                0x000000000800f26c       0x10 ./main_app/src/states.o
 .rodata.StateTransitionTable
                0x000000000800f27c       0x21 ./main_app/src/states.o
                0x000000000800f2a0                . = ALIGN (0x4)
 *fill*         0x000000000800f29d        0x3 

.ARM.extab      0x000000000800f2a0        0x0
                0x000000000800f2a0                . = ALIGN (0x4)
 *(.ARM.extab* .gnu.linkonce.armextab.*)
                0x000000000800f2a0                . = ALIGN (0x4)

.ARM            0x000000000800f2a0        0x8
                0x000000000800f2a0                . = ALIGN (0x4)
                0x000000000800f2a0                __exidx_start = .
 *(.ARM.exidx*)
 .ARM.exidx     0x000000000800f2a0        0x8 C:/ST/STM32CubeIDE_1.14.0/STM32CubeIDE/plugins/com.st.stm32cube.ide.mcu.externaltools.gnu-tools-for-stm32.11.3.rel1.win32_1.1.100.202309141235/tools/bin/../lib/gcc/arm-none-eabi/11.3.1/thumb/v7e-m+fp/hard\libgcc.a(_udivmoddi4.o)
                0x000000000800f2a8                __exidx_end = .
                0x000000000800f2a8                . = ALIGN (0x4)

.rel.dyn        0x000000000800f2a8        0x0
 .rel.iplt      0x000000000800f2a8        0x0 C:/ST/STM32CubeIDE_1.14.0/STM32CubeIDE/plugins/com.st.stm32cube.ide.mcu.externaltools.gnu-tools-for-stm32.11.3.rel1.win32_1.1.100.202309141235/tools/bin/../lib/gcc/arm-none-eabi/11.3.1/thumb/v7e-m+fp/hard/crtbegin.o

.preinit_array  0x000000000800f2a8        0x0
                0x000000000800f2a8                . = ALIGN (0x4)
                0x000000000800f2a8                PROVIDE (__preinit_array_start = .)
 *(.preinit_array*)
                0x000000000800f2a8                PROVIDE (__preinit_array_end = .)
                0x000000000800f2a8                . = ALIGN (0x4)

.init_array     0x000000000800f2a8        0x4
                0x000000000800f2a8                . = ALIGN (0x4)
                0x000000000800f2a8                PROVIDE (__init_array_start = .)
 *(SORT_BY_NAME(.init_array.*))
 *(.init_array*)
 .init_array    0x000000000800f2a8        0x4 C:/ST/STM32CubeIDE_1.14.0/STM32CubeIDE/plugins/com.st.stm32cube.ide.mcu.externaltools.gnu-tools-for-stm32.11.3.rel1.win32_1.1.100.202309141235/tools/bin/../lib/gcc/arm-none-eabi/11.3.1/thumb/v7e-m+fp/hard/crtbegin.o
                0x000000000800f2ac                PROVIDE (__init_array_end = .)
                0x000000000800f2ac                . = ALIGN (0x4)

.fini_array     0x000000000800f2ac        0x4
                0x000000000800f2ac                . = ALIGN (0x4)
                [!provide]                        PROVIDE (__fini_array_start = .)
 *(SORT_BY_NAME(.fini_array.*))
 *(.fini_array*)
 .fini_array    0x000000000800f2ac        0x4 C:/ST/STM32CubeIDE_1.14.0/STM32CubeIDE/plugins/com.st.stm32cube.ide.mcu.externaltools.gnu-tools-for-stm32.11.3.rel1.win32_1.1.100.202309141235/tools/bin/../lib/gcc/arm-none-eabi/11.3.1/thumb/v7e-m+fp/hard/crtbegin.o
                [!provide]                        PROVIDE (__fini_array_end = .)
                0x000000000800f2b0                . = ALIGN (0x4)
                0x000000000800f2b0                _sidata = LOADADDR (.data)

.data           0x0000000020000000       0x8c load address 0x000000000800f2b0
                0x0000000020000000                . = ALIGN (0x4)
                0x0000000020000000                _sdata = .
 *(.data)
 *(.data*)
 .data.SystemCoreClock
                0x0000000020000000        0x4 ./Core/Src/system_stm32f4xx.o
                0x0000000020000000                SystemCoreClock
 .data.uwTickPrio
                0x0000000020000004        0x4 ./Drivers/STM32F4xx_HAL_Driver/Src/stm32f4xx_hal.o
                0x0000000020000004                uwTickPrio
 .data.uwTickFreq
                0x0000000020000008        0x1 ./Drivers/STM32F4xx_HAL_Driver/Src/stm32f4xx_hal.o
                0x0000000020000008                uwTickFreq
 *fill*         0x0000000020000009        0x3 
 .data.USBH_msc
                0x000000002000000c       0x20 ./Middlewares/ST/STM32_USB_Host_Library/Class/MSC/Src/usbh_msc.o
                0x000000002000000c                USBH_msc
 .data.last_write_address
                0x000000002000002c       0x10 ./main_app/src/flash.o
 .data._impure_data
                0x000000002000003c       0x4c C:/ST/STM32CubeIDE_1.14.0/STM32CubeIDE/plugins/com.st.stm32cube.ide.mcu.externaltools.gnu-tools-for-stm32.11.3.rel1.win32_1.1.100.202309141235/tools/bin/../lib/gcc/arm-none-eabi/11.3.1/../../../../arm-none-eabi/lib/thumb/v7e-m+fp/hard\libc_nano.a(libc_a-impure.o)
                0x000000002000003c                _impure_data
 .data._impure_ptr
                0x0000000020000088        0x4 C:/ST/STM32CubeIDE_1.14.0/STM32CubeIDE/plugins/com.st.stm32cube.ide.mcu.externaltools.gnu-tools-for-stm32.11.3.rel1.win32_1.1.100.202309141235/tools/bin/../lib/gcc/arm-none-eabi/11.3.1/../../../../arm-none-eabi/lib/thumb/v7e-m+fp/hard\libc_nano.a(libc_a-impure.o)
                0x0000000020000088                _impure_ptr
 *(.RamFunc)
 *(.RamFunc*)
                0x000000002000008c                . = ALIGN (0x4)
                0x000000002000008c                _edata = .

.igot.plt       0x000000002000008c        0x0 load address 0x000000000800f33c
 .igot.plt      0x000000002000008c        0x0 C:/ST/STM32CubeIDE_1.14.0/STM32CubeIDE/plugins/com.st.stm32cube.ide.mcu.externaltools.gnu-tools-for-stm32.11.3.rel1.win32_1.1.100.202309141235/tools/bin/../lib/gcc/arm-none-eabi/11.3.1/thumb/v7e-m+fp/hard/crtbegin.o
                0x000000002000008c                . = ALIGN (0x4)

.bss            0x000000002000008c     0x119c load address 0x000000000800f33c
                0x000000002000008c                _sbss = .
                0x000000002000008c                __bss_start__ = _sbss
 *(.bss)
 .bss           0x000000002000008c       0x1c C:/ST/STM32CubeIDE_1.14.0/STM32CubeIDE/plugins/com.st.stm32cube.ide.mcu.externaltools.gnu-tools-for-stm32.11.3.rel1.win32_1.1.100.202309141235/tools/bin/../lib/gcc/arm-none-eabi/11.3.1/thumb/v7e-m+fp/hard/crtbegin.o
 *(.bss*)
 .bss.hadc1     0x00000000200000a8       0x48 ./Core/Src/main.o
                0x00000000200000a8                hadc1
 .bss.hdac      0x00000000200000f0       0x14 ./Core/Src/main.o
                0x00000000200000f0                hdac
 .bss.hi2c1     0x0000000020000104       0x54 ./Core/Src/main.o
                0x0000000020000104                hi2c1
 .bss.hi2c3     0x0000000020000158       0x54 ./Core/Src/main.o
                0x0000000020000158                hi2c3
 .bss.hspi3     0x00000000200001ac       0x58 ./Core/Src/main.o
                0x00000000200001ac                hspi3
 .bss.htim1     0x0000000020000204       0x48 ./Core/Src/main.o
                0x0000000020000204                htim1
 .bss.htim2     0x000000002000024c       0x48 ./Core/Src/main.o
                0x000000002000024c                htim2
 .bss.htim4     0x0000000020000294       0x48 ./Core/Src/main.o
                0x0000000020000294                htim4
 .bss.htim9     0x00000000200002dc       0x48 ./Core/Src/main.o
                0x00000000200002dc                htim9
 .bss.huart4    0x0000000020000324       0x48 ./Core/Src/main.o
                0x0000000020000324                huart4
 .bss.huart1    0x000000002000036c       0x48 ./Core/Src/main.o
                0x000000002000036c                huart1
 .bss.huart2    0x00000000200003b4       0x48 ./Core/Src/main.o
                0x00000000200003b4                huart2
 .bss.hpcd_USB_OTG_HS
                0x00000000200003fc      0x4e4 ./Core/Src/main.o
                0x00000000200003fc                hpcd_USB_OTG_HS
 .bss.__sbrk_heap_end
                0x00000000200008e0        0x4 ./Core/Src/sysmem.o
 .bss.uwTick    0x00000000200008e4        0x4 ./Drivers/STM32F4xx_HAL_Driver/Src/stm32f4xx_hal.o
                0x00000000200008e4                uwTick
 .bss.pFlash    0x00000000200008e8       0x20 ./Drivers/STM32F4xx_HAL_Driver/Src/stm32f4xx_hal_flash.o
                0x00000000200008e8                pFlash
 .bss.retUSBH   0x0000000020000908        0x1 ./FATFS/App/fatfs.o
                0x0000000020000908                retUSBH
 *fill*         0x0000000020000909        0x3 
 .bss.USBHPath  0x000000002000090c        0x4 ./FATFS/App/fatfs.o
                0x000000002000090c                USBHPath
 .bss.disk      0x0000000020000910        0xc ./Middlewares/Third_Party/FatFs/src/ff_gen_drv.o
                0x0000000020000910                disk
 .bss.hUsbHostFS
                0x000000002000091c      0x3d8 ./USB_HOST/App/usb_host.o
                0x000000002000091c                hUsbHostFS
 .bss.Appli_state
                0x0000000020000cf4        0x1 ./USB_HOST/App/usb_host.o
                0x0000000020000cf4                Appli_state
 *fill*         0x0000000020000cf5        0x3 
 .bss.hhcd_USB_OTG_FS
                0x0000000020000cf8      0x3e0 ./USB_HOST/Target/usbh_conf.o
                0x0000000020000cf8                hhcd_USB_OTG_FS
 .bss.StateMachine
                0x00000000200010d8        0x3 ./main_app/src/main_app.o
                0x00000000200010d8                StateMachine
 *fill*         0x00000000200010db        0x1 
 .bss.pulse_count
                0x00000000200010dc        0x4 ./main_app/src/pulses.o
                0x00000000200010dc                pulse_count
 .bss.__malloc_free_list
                0x00000000200010e0        0x4 C:/ST/STM32CubeIDE_1.14.0/STM32CubeIDE/plugins/com.st.stm32cube.ide.mcu.externaltools.gnu-tools-for-stm32.11.3.rel1.win32_1.1.100.202309141235/tools/bin/../lib/gcc/arm-none-eabi/11.3.1/../../../../arm-none-eabi/lib/thumb/v7e-m+fp/hard\libc_nano.a(libc_a-mallocr.o)
                0x00000000200010e0                __malloc_free_list
 .bss.__malloc_sbrk_start
                0x00000000200010e4        0x4 C:/ST/STM32CubeIDE_1.14.0/STM32CubeIDE/plugins/com.st.stm32cube.ide.mcu.externaltools.gnu-tools-for-stm32.11.3.rel1.win32_1.1.100.202309141235/tools/bin/../lib/gcc/arm-none-eabi/11.3.1/../../../../arm-none-eabi/lib/thumb/v7e-m+fp/hard\libc_nano.a(libc_a-mallocr.o)
                0x00000000200010e4                __malloc_sbrk_start
 .bss.__sf      0x00000000200010e8      0x138 C:/ST/STM32CubeIDE_1.14.0/STM32CubeIDE/plugins/com.st.stm32cube.ide.mcu.externaltools.gnu-tools-for-stm32.11.3.rel1.win32_1.1.100.202309141235/tools/bin/../lib/gcc/arm-none-eabi/11.3.1/../../../../arm-none-eabi/lib/thumb/v7e-m+fp/hard\libc_nano.a(libc_a-findfp.o)
                0x00000000200010e8                __sf
 .bss.errno     0x0000000020001220        0x4 C:/ST/STM32CubeIDE_1.14.0/STM32CubeIDE/plugins/com.st.stm32cube.ide.mcu.externaltools.gnu-tools-for-stm32.11.3.rel1.win32_1.1.100.202309141235/tools/bin/../lib/gcc/arm-none-eabi/11.3.1/../../../../arm-none-eabi/lib/thumb/v7e-m+fp/hard\libc_nano.a(libc_a-reent.o)
                0x0000000020001220                errno
 .bss.__lock___malloc_recursive_mutex
                0x0000000020001224        0x1 C:/ST/STM32CubeIDE_1.14.0/STM32CubeIDE/plugins/com.st.stm32cube.ide.mcu.externaltools.gnu-tools-for-stm32.11.3.rel1.win32_1.1.100.202309141235/tools/bin/../lib/gcc/arm-none-eabi/11.3.1/../../../../arm-none-eabi/lib/thumb/v7e-m+fp/hard\libc_nano.a(libc_a-lock.o)
                0x0000000020001224                __lock___malloc_recursive_mutex
 *(COMMON)
                0x0000000020001228                . = ALIGN (0x4)
 *fill*         0x0000000020001225        0x3 
                0x0000000020001228                _ebss = .
                0x0000000020001228                __bss_end__ = _ebss

._user_heap_stack
                0x0000000020001228      0xc00 load address 0x000000000800f33c
                0x0000000020001228                . = ALIGN (0x8)
                [!provide]                        PROVIDE (end = .)
                0x0000000020001228                PROVIDE (_end = .)
                0x0000000020001628                . = (. + _Min_Heap_Size)
 *fill*         0x0000000020001228      0x400 
                0x0000000020001e28                . = (. + _Min_Stack_Size)
 *fill*         0x0000000020001628      0x800 
                0x0000000020001e28                . = ALIGN (0x8)

/DISCARD/
 libc.a(*)
 libm.a(*)
 libgcc.a(*)

.ARM.attributes
                0x0000000000000000       0x30
 *(.ARM.attributes)
 .ARM.attributes
                0x0000000000000000       0x1e C:/ST/STM32CubeIDE_1.14.0/STM32CubeIDE/plugins/com.st.stm32cube.ide.mcu.externaltools.gnu-tools-for-stm32.11.3.rel1.win32_1.1.100.202309141235/tools/bin/../lib/gcc/arm-none-eabi/11.3.1/thumb/v7e-m+fp/hard/crti.o
 .ARM.attributes
                0x000000000000001e       0x34 C:/ST/STM32CubeIDE_1.14.0/STM32CubeIDE/plugins/com.st.stm32cube.ide.mcu.externaltools.gnu-tools-for-stm32.11.3.rel1.win32_1.1.100.202309141235/tools/bin/../lib/gcc/arm-none-eabi/11.3.1/thumb/v7e-m+fp/hard/crtbegin.o
 .ARM.attributes
                0x0000000000000052       0x34 ./Core/Src/main.o
 .ARM.attributes
                0x0000000000000086       0x34 ./Core/Src/stm32f4xx_hal_msp.o
 .ARM.attributes
                0x00000000000000ba       0x34 ./Core/Src/stm32f4xx_it.o
 .ARM.attributes
                0x00000000000000ee       0x34 ./Core/Src/sysmem.o
 .ARM.attributes
                0x0000000000000122       0x34 ./Core/Src/system_stm32f4xx.o
 .ARM.attributes
                0x0000000000000156       0x21 ./Core/Startup/startup_stm32f446vetx.o
 .ARM.attributes
                0x0000000000000177       0x34 ./Drivers/STM32F4xx_HAL_Driver/Src/stm32f4xx_hal.o
 .ARM.attributes
                0x00000000000001ab       0x34 ./Drivers/STM32F4xx_HAL_Driver/Src/stm32f4xx_hal_adc.o
 .ARM.attributes
                0x00000000000001df       0x34 ./Drivers/STM32F4xx_HAL_Driver/Src/stm32f4xx_hal_cortex.o
 .ARM.attributes
                0x0000000000000213       0x34 ./Drivers/STM32F4xx_HAL_Driver/Src/stm32f4xx_hal_dac.o
 .ARM.attributes
                0x0000000000000247       0x34 ./Drivers/STM32F4xx_HAL_Driver/Src/stm32f4xx_hal_flash.o
 .ARM.attributes
                0x000000000000027b       0x34 ./Drivers/STM32F4xx_HAL_Driver/Src/stm32f4xx_hal_flash_ex.o
 .ARM.attributes
                0x00000000000002af       0x34 ./Drivers/STM32F4xx_HAL_Driver/Src/stm32f4xx_hal_gpio.o
 .ARM.attributes
                0x00000000000002e3       0x34 ./Drivers/STM32F4xx_HAL_Driver/Src/stm32f4xx_hal_hcd.o
 .ARM.attributes
                0x0000000000000317       0x34 ./Drivers/STM32F4xx_HAL_Driver/Src/stm32f4xx_hal_i2c.o
 .ARM.attributes
                0x000000000000034b       0x34 ./Drivers/STM32F4xx_HAL_Driver/Src/stm32f4xx_hal_pcd.o
 .ARM.attributes
                0x000000000000037f       0x34 ./Drivers/STM32F4xx_HAL_Driver/Src/stm32f4xx_hal_pcd_ex.o
 .ARM.attributes
                0x00000000000003b3       0x34 ./Drivers/STM32F4xx_HAL_Driver/Src/stm32f4xx_hal_rcc.o
 .ARM.attributes
                0x00000000000003e7       0x34 ./Drivers/STM32F4xx_HAL_Driver/Src/stm32f4xx_hal_rcc_ex.o
 .ARM.attributes
                0x000000000000041b       0x34 ./Drivers/STM32F4xx_HAL_Driver/Src/stm32f4xx_hal_spi.o
 .ARM.attributes
                0x000000000000044f       0x34 ./Drivers/STM32F4xx_HAL_Driver/Src/stm32f4xx_hal_tim.o
 .ARM.attributes
                0x0000000000000483       0x34 ./Drivers/STM32F4xx_HAL_Driver/Src/stm32f4xx_hal_tim_ex.o
 .ARM.attributes
                0x00000000000004b7       0x34 ./Drivers/STM32F4xx_HAL_Driver/Src/stm32f4xx_hal_uart.o
 .ARM.attributes
                0x00000000000004eb       0x34 ./Drivers/STM32F4xx_HAL_Driver/Src/stm32f4xx_ll_usb.o
 .ARM.attributes
                0x000000000000051f       0x34 ./FATFS/App/fatfs.o
 .ARM.attributes
                0x0000000000000553       0x34 ./FATFS/Target/usbh_diskio.o
 .ARM.attributes
                0x0000000000000587       0x34 ./Middlewares/ST/STM32_USB_Host_Library/Class/MSC/Src/usbh_msc.o
 .ARM.attributes
                0x00000000000005bb       0x34 ./Middlewares/ST/STM32_USB_Host_Library/Class/MSC/Src/usbh_msc_bot.o
 .ARM.attributes
                0x00000000000005ef       0x34 ./Middlewares/ST/STM32_USB_Host_Library/Class/MSC/Src/usbh_msc_scsi.o
 .ARM.attributes
                0x0000000000000623       0x34 ./Middlewares/ST/STM32_USB_Host_Library/Core/Src/usbh_core.o
 .ARM.attributes
                0x0000000000000657       0x34 ./Middlewares/ST/STM32_USB_Host_Library/Core/Src/usbh_ctlreq.o
 .ARM.attributes
                0x000000000000068b       0x34 ./Middlewares/ST/STM32_USB_Host_Library/Core/Src/usbh_ioreq.o
 .ARM.attributes
                0x00000000000006bf       0x34 ./Middlewares/ST/STM32_USB_Host_Library/Core/Src/usbh_pipes.o
 .ARM.attributes
                0x00000000000006f3       0x34 ./Middlewares/Third_Party/FatFs/src/ff_gen_drv.o
 .ARM.attributes
                0x0000000000000727       0x34 ./USB_HOST/App/usb_host.o
 .ARM.attributes
                0x000000000000075b       0x34 ./USB_HOST/Target/usbh_conf.o
 .ARM.attributes
                0x000000000000078f       0x34 ./main_app/src/flash.o
 .ARM.attributes
                0x00000000000007c3       0x34 ./main_app/src/levelSense.o
 .ARM.attributes
                0x00000000000007f7       0x34 ./main_app/src/main_app.o
 .ARM.attributes
                0x000000000000082b       0x34 ./main_app/src/pulses.o
 .ARM.attributes
                0x000000000000085f       0x34 ./main_app/src/states.o
 .ARM.attributes
                0x0000000000000893       0x34 ./main_app/src/stepperDriver.o
 .ARM.attributes
                0x00000000000008c7       0x34 C:/ST/STM32CubeIDE_1.14.0/STM32CubeIDE/plugins/com.st.stm32cube.ide.mcu.externaltools.gnu-tools-for-stm32.11.3.rel1.win32_1.1.100.202309141235/tools/bin/../lib/gcc/arm-none-eabi/11.3.1/../../../../arm-none-eabi/lib/thumb/v7e-m+fp/hard\libc_nano.a(libc_a-malloc.o)
 .ARM.attributes
                0x00000000000008fb       0x34 C:/ST/STM32CubeIDE_1.14.0/STM32CubeIDE/plugins/com.st.stm32cube.ide.mcu.externaltools.gnu-tools-for-stm32.11.3.rel1.win32_1.1.100.202309141235/tools/bin/../lib/gcc/arm-none-eabi/11.3.1/../../../../arm-none-eabi/lib/thumb/v7e-m+fp/hard\libc_nano.a(libc_a-mallocr.o)
 .ARM.attributes
                0x000000000000092f       0x34 C:/ST/STM32CubeIDE_1.14.0/STM32CubeIDE/plugins/com.st.stm32cube.ide.mcu.externaltools.gnu-tools-for-stm32.11.3.rel1.win32_1.1.100.202309141235/tools/bin/../lib/gcc/arm-none-eabi/11.3.1/../../../../arm-none-eabi/lib/thumb/v7e-m+fp/hard\libc_nano.a(libc_a-mlock.o)
 .ARM.attributes
                0x0000000000000963       0x34 C:/ST/STM32CubeIDE_1.14.0/STM32CubeIDE/plugins/com.st.stm32cube.ide.mcu.externaltools.gnu-tools-for-stm32.11.3.rel1.win32_1.1.100.202309141235/tools/bin/../lib/gcc/arm-none-eabi/11.3.1/../../../../arm-none-eabi/lib/thumb/v7e-m+fp/hard\libc_nano.a(libc_a-findfp.o)
 .ARM.attributes
                0x0000000000000997       0x34 C:/ST/STM32CubeIDE_1.14.0/STM32CubeIDE/plugins/com.st.stm32cube.ide.mcu.externaltools.gnu-tools-for-stm32.11.3.rel1.win32_1.1.100.202309141235/tools/bin/../lib/gcc/arm-none-eabi/11.3.1/../../../../arm-none-eabi/lib/thumb/v7e-m+fp/hard\libc_nano.a(libc_a-memset.o)
 .ARM.attributes
                0x00000000000009cb       0x34 C:/ST/STM32CubeIDE_1.14.0/STM32CubeIDE/plugins/com.st.stm32cube.ide.mcu.externaltools.gnu-tools-for-stm32.11.3.rel1.win32_1.1.100.202309141235/tools/bin/../lib/gcc/arm-none-eabi/11.3.1/../../../../arm-none-eabi/lib/thumb/v7e-m+fp/hard\libc_nano.a(libc_a-reent.o)
 .ARM.attributes
                0x00000000000009ff       0x34 C:/ST/STM32CubeIDE_1.14.0/STM32CubeIDE/plugins/com.st.stm32cube.ide.mcu.externaltools.gnu-tools-for-stm32.11.3.rel1.win32_1.1.100.202309141235/tools/bin/../lib/gcc/arm-none-eabi/11.3.1/../../../../arm-none-eabi/lib/thumb/v7e-m+fp/hard\libc_nano.a(libc_a-impure.o)