../Core/Src/main.c:100:5:main	8	static
../Core/Src/main.c:161:6:SystemClock_Config	88	static
../Core/Src/main.c:208:13:MX_ADC1_Init	24	static
../Core/Src/main.c:260:13:MX_DAC_Init	16	static
../Core/Src/main.c:307:13:MX_I2C1_Init	8	static
../Core/Src/main.c:341:13:MX_I2C3_Init	8	static
../Core/Src/main.c:375:13:MX_SPI3_Init	8	static
../Core/Src/main.c:413:13:MX_TIM1_Init	96	static
../Core/Src/main.c:488:13:MX_TIM2_Init	32	static
../Core/Src/main.c:536:13:MX_TIM4_Init	64	static
../Core/Src/main.c:595:13:MX_TIM9_Init	56	static
../Core/Src/main.c:647:13:MX_UART4_Init	8	static
../Core/Src/main.c:680:13:MX_USART1_UART_Init	8	static
../Core/Src/main.c:713:13:MX_USART2_UART_Init	8	static
../Core/Src/main.c:746:13:MX_USB_OTG_HS_PCD_Init	8	static
../Core/Src/main.c:782:13:MX_GPIO_Init	56	static
../Core/Src/main.c:878:6:Error_Handler	4	static,ignoring_inline_asm
