../main_app/src/flash.c:22:13:GetAddressRange	24	static
../main_app/src/flash.c:58:26:EraseFlashSector	40	static
../main_app/src/flash.c:70:19:WriteToFlashAddress	48	static
../main_app/src/flash.c:87:6:ReadFromFlashAddress	24	static
../main_app/src/flash.c:91:10:GetSectorForAddress	16	static
../main_app/src/flash.c:96:19:WriteDataToFlash	48	static
../main_app/src/flash.c:123:26:FindNextWriteAddress	48	static
../main_app/src/flash.c:145:19:AppendData	48	static
../main_app/src/flash.c:181:19:ReadData	56	static
../main_app/src/flash.c:208:19:DeleteData	56	static
../main_app/src/flash.c:234:19:PerformGarbageCollection	1080	static
../main_app/src/flash.c:271:11:GetCurrentTimestamp	8	static
../main_app/src/flash.c:276:19:WriteLightCheck	16	static
../main_app/src/flash.c:280:19:ReadLatestLightCheck	56	static
../main_app/src/flash.c:310:19:WriteDarkCount	16	static
../main_app/src/flash.c:314:19:ReadLatestDarkCount	56	static
../main_app/src/flash.c:344:19:WriteCurvedData	16	static
../main_app/src/flash.c:348:19:ReadCurvedData	88	static
../main_app/src/flash.c:385:19:WriteBackground	16	static
../main_app/src/flash.c:389:19:ReadLatestBackground	56	static
