12:18:33 **** Incremental Build of configuration Debug for project prodV1 ****
make -j8 all 
arm-none-eabi-gcc "../main_app/src/states.c" -mcpu=cortex-m4 -std=gnu11 -g3 -DDEBUG -DUSE_HAL_DRIVER -DSTM32F446xx -c -I../FATFS/Target -I../FATFS/App -I../USB_HOST/App -I../USB_HOST/Target -I../Core/Inc -I../Drivers/STM32F4xx_HAL_Driver/Inc -I../Drivers/STM32F4xx_HAL_Driver/Inc/Legacy -I../Middlewares/Third_Party/FatFs/src -I../Middlewares/ST/STM32_USB_Host_Library/Core/Inc -I../Middlewares/ST/STM32_USB_Host_Library/Class/MSC/Inc -I../Drivers/CMSIS/Device/ST/STM32F4xx/Include -I../Drivers/CMSIS/Include -I"C:/WD/Lumino_Prod/prodV1/main_app/includes" -O0 -ffunction-sections -fdata-sections -Wall -fstack-usage -fcyclomatic-complexity -MMD -MP -MF"main_app/src/states.d" -MT"main_app/src/states.o" --specs=nano.specs -mfpu=fpv4-sp-d16 -mfloat-abi=hard -mthumb -o "main_app/src/states.o"
../main_app/src/states.c: In function 'stateStartUp':
../main_app/src/states.c:77:27: warning: unused variable 'status' [-Wunused-variable]
   77 |         HAL_StatusTypeDef status = WriteDarkCount(new_dark_count);
      |                           ^~~~~~
arm-none-eabi-gcc -o "prodV1.elf" @"objects.list"   -mcpu=cortex-m4 -T"C:\WD\Lumino_Prod\prodV1\STM32F446VETX_FLASH.ld" --specs=nosys.specs -Wl,-Map="prodV1.map" -Wl,--gc-sections -static --specs=nano.specs -mfpu=fpv4-sp-d16 -mfloat-abi=hard -mthumb -Wl,--start-group -lc -lm -Wl,--end-group
Finished building target: prodV1.elf
 
arm-none-eabi-size  prodV1.elf 
arm-none-eabi-objdump -h -S prodV1.elf  > "prodV1.list"
   text	   data	    bss	    dec	    hex	filename
  62116	    148	   7580	  69844	  110d4	prodV1.elf
Finished building: default.size.stdout
 
Finished building: prodV1.list
 
17:09:37 **** Incremental Build of configuration Debug for project prodV1 ****
make -j8 all 
arm-none-eabi-gcc "../main_app/src/levelSense.c" -mcpu=cortex-m4 -std=gnu11 -g3 -DDEBUG -DUSE_HAL_DRIVER -DSTM32F446xx -c -I../FATFS/Target -I../FATFS/App -I../USB_HOST/App -I../USB_HOST/Target -I../Core/Inc -I../Drivers/STM32F4xx_HAL_Driver/Inc -I../Drivers/STM32F4xx_HAL_Driver/Inc/Legacy -I../Middlewares/Third_Party/FatFs/src -I../Middlewares/ST/STM32_USB_Host_Library/Core/Inc -I../Middlewares/ST/STM32_USB_Host_Library/Class/MSC/Inc -I../Drivers/CMSIS/Device/ST/STM32F4xx/Include -I../Drivers/CMSIS/Include -I"C:/WD/Lumino_Prod/prodV1/main_app/includes" -O0 -ffunction-sections -fdata-sections -Wall -fstack-usage -fcyclomatic-complexity -MMD -MP -MF"main_app/src/levelSense.d" -MT"main_app/src/levelSense.o" --specs=nano.specs -mfpu=fpv4-sp-d16 -mfloat-abi=hard -mthumb -o "main_app/src/levelSense.o"
arm-none-eabi-gcc "../main_app/src/states.c" -mcpu=cortex-m4 -std=gnu11 -g3 -DDEBUG -DUSE_HAL_DRIVER -DSTM32F446xx -c -I../FATFS/Target -I../FATFS/App -I../USB_HOST/App -I../USB_HOST/Target -I../Core/Inc -I../Drivers/STM32F4xx_HAL_Driver/Inc -I../Drivers/STM32F4xx_HAL_Driver/Inc/Legacy -I../Middlewares/Third_Party/FatFs/src -I../Middlewares/ST/STM32_USB_Host_Library/Core/Inc -I../Middlewares/ST/STM32_USB_Host_Library/Class/MSC/Inc -I../Drivers/CMSIS/Device/ST/STM32F4xx/Include -I../Drivers/CMSIS/Include -I"C:/WD/Lumino_Prod/prodV1/main_app/includes" -O0 -ffunction-sections -fdata-sections -Wall -fstack-usage -fcyclomatic-complexity -MMD -MP -MF"main_app/src/states.d" -MT"main_app/src/states.o" --specs=nano.specs -mfpu=fpv4-sp-d16 -mfloat-abi=hard -mthumb -o "main_app/src/states.o"
../main_app/src/states.c: In function 'stateStartUp':
../main_app/src/states.c:77:27: warning: unused variable 'status' [-Wunused-variable]
   77 |         HAL_StatusTypeDef status = WriteDarkCount(new_dark_count);
      |                           ^~~~~~
arm-none-eabi-gcc -o "prodV1.elf" @"objects.list"   -mcpu=cortex-m4 -T"C:\WD\Lumino_Prod\prodV1\STM32F446VETX_FLASH.ld" --specs=nosys.specs -Wl,-Map="prodV1.map" -Wl,--gc-sections -static --specs=nano.specs -mfpu=fpv4-sp-d16 -mfloat-abi=hard -mthumb -Wl,--start-group -lc -lm -Wl,--end-group
Finished building target: prodV1.elf
 
arm-none-eabi-size  prodV1.elf 
arm-none-eabi-objdump -h -S prodV1.elf  > "prodV1.list"
   text	   data	    bss	    dec	    hex	filename
  62124	    148	   7580	  69852	  110dc	prodV1.elf
Finished building: default.size.stdout
 
Finished building: prodV1.list
 
17:13:08 **** Incremental Build of configuration Debug for project prodV1 ****
make -j8 all 
arm-none-eabi-size  prodV1.elf 
   text	   data	    bss	    dec	    hex	filename
  62124	    148	   7580	  69852	  110dc	prodV1.elf
Finished building: default.size.stdout
 
17:13:45 **** Incremental Build of configuration Debug for project prodV1 ****
make -j8 all 
arm-none-eabi-size  prodV1.elf 
   text	   data	    bss	    dec	    hex	filename
  62124	    148	   7580	  69852	  110dc	prodV1.elf
Finished building: default.size.stdout
 
17:14:15 **** Incremental Build of configuration Debug for project prodV1 ****
make -j8 all 
arm-none-eabi-size  prodV1.elf 
   text	   data	    bss	    dec	    hex	filename
  62124	    148	   7580	  69852	  110dc	prodV1.elf
Finished building: default.size.stdout
 
17:15:11 **** Incremental Build of configuration Debug for project prodV1 ****
make -j8 all 
arm-none-eabi-size  prodV1.elf 
   text	   data	    bss	    dec	    hex	filename
  62124	    148	   7580	  69852	  110dc	prodV1.elf
Finished building: default.size.stdout
 
17:15:17 **** Incremental Build of configuration Debug for project prodV1 ****
make -j8 all 
arm-none-eabi-size  prodV1.elf 
   text	   data	    bss	    dec	    hex	filename
  62124	    148	   7580	  69852	  110dc	prodV1.elf
Finished building: default.size.stdout
 
17:15:34 **** Incremental Build of configuration Debug for project prodV1 ****
make -j8 all 
arm-none-eabi-size  prodV1.elf 
   text	   data	    bss	    dec	    hex	filename
  62124	    148	   7580	  69852	  110dc	prodV1.elf
Finished building: default.size.stdout
 
17:15:52 **** Incremental Build of configuration Debug for project prodV1 ****
make -j8 all 
arm-none-eabi-size  prodV1.elf 
   text	   data	    bss	    dec	    hex	filename
  62124	    148	   7580	  69852	  110dc	prodV1.elf
Finished building: default.size.stdout
 
17:17:12 **** Incremental Build of configuration Debug for project prodV1 ****
make -j8 all 
arm-none-eabi-size  prodV1.elf 
   text	   data	    bss	    dec	    hex	filename
  62124	    148	   7580	  69852	  110dc	prodV1.elf
Finished building: default.size.stdout
 
17:17:36 **** Incremental Build of configuration Debug for project prodV1 ****
make -j8 all 
arm-none-eabi-size  prodV1.elf 
   text	   data	    bss	    dec	    hex	filename
  62124	    148	   7580	  69852	  110dc	prodV1.elf
Finished building: default.size.stdout
 
17:19:54 **** Incremental Build of configuration Debug for project prodV1 ****
make -j8 all 
arm-none-eabi-size  prodV1.elf 
   text	   data	    bss	    dec	    hex	filename
  62124	    148	   7580	  69852	  110dc	prodV1.elf
Finished building: default.size.stdout
 
17:20:33 **** Incremental Build of configuration Debug for project prodV1 ****
make -j8 all 
arm-none-eabi-size  prodV1.elf 
   text	   data	    bss	    dec	    hex	filename
  62124	    148	   7580	  69852	  110dc	prodV1.elf
Finished building: default.size.stdout
 
17:22:33 **** Incremental Build of configuration Debug for project prodV1 ****
make -j8 all 
arm-none-eabi-size  prodV1.elf 
   text	   data	    bss	    dec	    hex	filename
  62124	    148	   7580	  69852	  110dc	prodV1.elf
Finished building: default.size.stdout
 
17:23:00 **** Incremental Build of configuration Debug for project prodV1 ****
make -j8 all 
arm-none-eabi-gcc "../main_app/src/states.c" -mcpu=cortex-m4 -std=gnu11 -g3 -DDEBUG -DUSE_HAL_DRIVER -DSTM32F446xx -c -I../FATFS/Target -I../FATFS/App -I../USB_HOST/App -I../USB_HOST/Target -I../Core/Inc -I../Drivers/STM32F4xx_HAL_Driver/Inc -I../Drivers/STM32F4xx_HAL_Driver/Inc/Legacy -I../Middlewares/Third_Party/FatFs/src -I../Middlewares/ST/STM32_USB_Host_Library/Core/Inc -I../Middlewares/ST/STM32_USB_Host_Library/Class/MSC/Inc -I../Drivers/CMSIS/Device/ST/STM32F4xx/Include -I../Drivers/CMSIS/Include -I"C:/WD/Lumino_Prod/prodV1/main_app/includes" -O0 -ffunction-sections -fdata-sections -Wall -fstack-usage -fcyclomatic-complexity -MMD -MP -MF"main_app/src/states.d" -MT"main_app/src/states.o" --specs=nano.specs -mfpu=fpv4-sp-d16 -mfloat-abi=hard -mthumb -o "main_app/src/states.o"
../main_app/src/states.c: In function 'stateStartUp':
../main_app/src/states.c:77:27: warning: unused variable 'status' [-Wunused-variable]
   77 |         HAL_StatusTypeDef status = WriteDarkCount(new_dark_count);
      |                           ^~~~~~
arm-none-eabi-gcc -o "prodV1.elf" @"objects.list"   -mcpu=cortex-m4 -T"C:\WD\Lumino_Prod\prodV1\STM32F446VETX_FLASH.ld" --specs=nosys.specs -Wl,-Map="prodV1.map" -Wl,--gc-sections -static --specs=nano.specs -mfpu=fpv4-sp-d16 -mfloat-abi=hard -mthumb -Wl,--start-group -lc -lm -Wl,--end-group
Finished building target: prodV1.elf
 
arm-none-eabi-size  prodV1.elf 
arm-none-eabi-objdump -h -S prodV1.elf  > "prodV1.list"
   text	   data	    bss	    dec	    hex	filename
  62112	    148	   7580	  69840	  110d0	prodV1.elf
Finished building: default.size.stdout
 
Finished building: prodV1.list
 
17:23:14 **** Incremental Build of configuration Debug for project prodV1 ****
make -j8 all 
arm-none-eabi-size  prodV1.elf 
   text	   data	    bss	    dec	    hex	filename
  62112	    148	   7580	  69840	  110d0	prodV1.elf
Finished building: default.size.stdout
 
17:25:19 **** Incremental Build of configuration Debug for project prodV1 ****
make -j8 all 
arm-none-eabi-size  prodV1.elf 
   text	   data	    bss	    dec	    hex	filename
  62112	    148	   7580	  69840	  110d0	prodV1.elf
Finished building: default.size.stdout
 
17:25:25 **** Incremental Build of configuration Debug for project prodV1 ****
make -j8 all 
arm-none-eabi-size  prodV1.elf 
   text	   data	    bss	    dec	    hex	filename
  62112	    148	   7580	  69840	  110d0	prodV1.elf
Finished building: default.size.stdout
 
17:26:55 **** Incremental Build of configuration Debug for project prodV1 ****
make -j8 all 
arm-none-eabi-size  prodV1.elf 
   text	   data	    bss	    dec	    hex	filename
  62112	    148	   7580	  69840	  110d0	prodV1.elf
Finished building: default.size.stdout
 
17:32:18 **** Incremental Build of configuration Debug for project prodV1 ****
make -j8 all 
arm-none-eabi-size  prodV1.elf 
   text	   data	    bss	    dec	    hex	filename
  62112	    148	   7580	  69840	  110d0	prodV1.elf
Finished building: default.size.stdout
 
17:34:21 **** Incremental Build of configuration Debug for project prodV1 ****
make -j8 all 
arm-none-eabi-gcc "../main_app/src/states.c" -mcpu=cortex-m4 -std=gnu11 -g3 -DDEBUG -DUSE_HAL_DRIVER -DSTM32F446xx -c -I../FATFS/Target -I../FATFS/App -I../USB_HOST/App -I../USB_HOST/Target -I../Core/Inc -I../Drivers/STM32F4xx_HAL_Driver/Inc -I../Drivers/STM32F4xx_HAL_Driver/Inc/Legacy -I../Middlewares/Third_Party/FatFs/src -I../Middlewares/ST/STM32_USB_Host_Library/Core/Inc -I../Middlewares/ST/STM32_USB_Host_Library/Class/MSC/Inc -I../Drivers/CMSIS/Device/ST/STM32F4xx/Include -I../Drivers/CMSIS/Include -I"C:/WD/Lumino_Prod/prodV1/main_app/includes" -O0 -ffunction-sections -fdata-sections -Wall -fstack-usage -fcyclomatic-complexity -MMD -MP -MF"main_app/src/states.d" -MT"main_app/src/states.o" --specs=nano.specs -mfpu=fpv4-sp-d16 -mfloat-abi=hard -mthumb -o "main_app/src/states.o"
../main_app/src/states.c: In function 'stateStartUp':
../main_app/src/states.c:77:27: warning: unused variable 'status' [-Wunused-variable]
   77 |         HAL_StatusTypeDef status = WriteDarkCount(new_dark_count);
      |                           ^~~~~~
arm-none-eabi-gcc -o "prodV1.elf" @"objects.list"   -mcpu=cortex-m4 -T"C:\WD\Lumino_Prod\prodV1\STM32F446VETX_FLASH.ld" --specs=nosys.specs -Wl,-Map="prodV1.map" -Wl,--gc-sections -static --specs=nano.specs -mfpu=fpv4-sp-d16 -mfloat-abi=hard -mthumb -Wl,--start-group -lc -lm -Wl,--end-group
Finished building target: prodV1.elf
 
arm-none-eabi-size  prodV1.elf 
arm-none-eabi-objdump -h -S prodV1.elf  > "prodV1.list"
   text	   data	    bss	    dec	    hex	filename
  62112	    148	   7580	  69840	  110d0	prodV1.elf
Finished building: default.size.stdout
 
Finished building: prodV1.list
 
17:36:10 **** Incremental Build of configuration Debug for project prodV1 ****
make -j8 all 
arm-none-eabi-size  prodV1.elf 
   text	   data	    bss	    dec	    hex	filename
  62112	    148	   7580	  69840	  110d0	prodV1.elf
Finished building: default.size.stdout
 
17:37:15 **** Incremental Build of configuration Debug for project prodV1 ****
make -j8 all 
arm-none-eabi-size  prodV1.elf 
   text	   data	    bss	    dec	    hex	filename
  62112	    148	   7580	  69840	  110d0	prodV1.elf
Finished building: default.size.stdout
 
17:37:19 **** Incremental Build of configuration Debug for project prodV1 ****
make -j8 all 
arm-none-eabi-size  prodV1.elf 
   text	   data	    bss	    dec	    hex	filename
  62112	    148	   7580	  69840	  110d0	prodV1.elf
Finished building: default.size.stdout
 
17:40:25 **** Incremental Build of configuration Debug for project prodV1 ****
make -j8 all 
arm-none-eabi-gcc "../main_app/src/states.c" -mcpu=cortex-m4 -std=gnu11 -g3 -DDEBUG -DUSE_HAL_DRIVER -DSTM32F446xx -c -I../FATFS/Target -I../FATFS/App -I../USB_HOST/App -I../USB_HOST/Target -I../Core/Inc -I../Drivers/STM32F4xx_HAL_Driver/Inc -I../Drivers/STM32F4xx_HAL_Driver/Inc/Legacy -I../Middlewares/Third_Party/FatFs/src -I../Middlewares/ST/STM32_USB_Host_Library/Core/Inc -I../Middlewares/ST/STM32_USB_Host_Library/Class/MSC/Inc -I../Drivers/CMSIS/Device/ST/STM32F4xx/Include -I../Drivers/CMSIS/Include -I"C:/WD/Lumino_Prod/prodV1/main_app/includes" -O0 -ffunction-sections -fdata-sections -Wall -fstack-usage -fcyclomatic-complexity -MMD -MP -MF"main_app/src/states.d" -MT"main_app/src/states.o" --specs=nano.specs -mfpu=fpv4-sp-d16 -mfloat-abi=hard -mthumb -o "main_app/src/states.o"
../main_app/src/states.c: In function 'stateInit':
../main_app/src/states.c:34:29: error: 'PAGE_SPLASH' undeclared (first use in this function); did you mean 'PAGE_SPASH'?
   34 |     HMI_changepage(&huart2, PAGE_SPLASH);
      |                             ^~~~~~~~~~~
      |                             PAGE_SPASH
../main_app/src/states.c:34:29: note: each undeclared identifier is reported only once for each function it appears in
../main_app/src/states.c: In function 'stateStartUp':
../main_app/src/states.c:78:27: warning: unused variable 'status' [-Wunused-variable]
   78 |         HAL_StatusTypeDef status = WriteDarkCount(new_dark_count);
      |                           ^~~~~~
make: *** [main_app/src/subdir.mk:34: main_app/src/states.o] Error 1
"make -j8 all" terminated with exit code 2. Build might be incomplete.
17:40:37 **** Incremental Build of configuration Debug for project prodV1 ****
make -j8 all 
arm-none-eabi-gcc "../main_app/src/states.c" -mcpu=cortex-m4 -std=gnu11 -g3 -DDEBUG -DUSE_HAL_DRIVER -DSTM32F446xx -c -I../FATFS/Target -I../FATFS/App -I../USB_HOST/App -I../USB_HOST/Target -I../Core/Inc -I../Drivers/STM32F4xx_HAL_Driver/Inc -I../Drivers/STM32F4xx_HAL_Driver/Inc/Legacy -I../Middlewares/Third_Party/FatFs/src -I../Middlewares/ST/STM32_USB_Host_Library/Core/Inc -I../Middlewares/ST/STM32_USB_Host_Library/Class/MSC/Inc -I../Drivers/CMSIS/Device/ST/STM32F4xx/Include -I../Drivers/CMSIS/Include -I"C:/WD/Lumino_Prod/prodV1/main_app/includes" -O0 -ffunction-sections -fdata-sections -Wall -fstack-usage -fcyclomatic-complexity -MMD -MP -MF"main_app/src/states.d" -MT"main_app/src/states.o" --specs=nano.specs -mfpu=fpv4-sp-d16 -mfloat-abi=hard -mthumb -o "main_app/src/states.o"
../main_app/src/states.c: In function 'stateInit':
../main_app/src/states.c:34:29: error: 'PAGE_SPLASH' undeclared (first use in this function); did you mean 'PAGE_SPASH'?
   34 |     HMI_changepage(&huart2, PAGE_SPLASH);
      |                             ^~~~~~~~~~~
      |                             PAGE_SPASH
../main_app/src/states.c:34:29: note: each undeclared identifier is reported only once for each function it appears in
../main_app/src/states.c: In function 'stateStartUp':
../main_app/src/states.c:78:27: warning: unused variable 'status' [-Wunused-variable]
   78 |         HAL_StatusTypeDef status = WriteDarkCount(new_dark_count);
      |                           ^~~~~~
make: *** [main_app/src/subdir.mk:34: main_app/src/states.o] Error 1
"make -j8 all" terminated with exit code 2. Build might be incomplete.
17:40:42 **** Incremental Build of configuration Debug for project prodV1 ****
make -j8 all 
arm-none-eabi-gcc "../main_app/src/states.c" -mcpu=cortex-m4 -std=gnu11 -g3 -DDEBUG -DUSE_HAL_DRIVER -DSTM32F446xx -c -I../FATFS/Target -I../FATFS/App -I../USB_HOST/App -I../USB_HOST/Target -I../Core/Inc -I../Drivers/STM32F4xx_HAL_Driver/Inc -I../Drivers/STM32F4xx_HAL_Driver/Inc/Legacy -I../Middlewares/Third_Party/FatFs/src -I../Middlewares/ST/STM32_USB_Host_Library/Core/Inc -I../Middlewares/ST/STM32_USB_Host_Library/Class/MSC/Inc -I../Drivers/CMSIS/Device/ST/STM32F4xx/Include -I../Drivers/CMSIS/Include -I"C:/WD/Lumino_Prod/prodV1/main_app/includes" -O0 -ffunction-sections -fdata-sections -Wall -fstack-usage -fcyclomatic-complexity -MMD -MP -MF"main_app/src/states.d" -MT"main_app/src/states.o" --specs=nano.specs -mfpu=fpv4-sp-d16 -mfloat-abi=hard -mthumb -o "main_app/src/states.o"
../main_app/src/states.c: In function 'stateInit':
../main_app/src/states.c:34:29: error: 'PAGE_SPLASH' undeclared (first use in this function); did you mean 'PAGE_SPASH'?
   34 |     HMI_changepage(&huart2, PAGE_SPLASH);
      |                             ^~~~~~~~~~~
      |                             PAGE_SPASH
../main_app/src/states.c:34:29: note: each undeclared identifier is reported only once for each function it appears in
../main_app/src/states.c: In function 'stateStartUp':
../main_app/src/states.c:78:27: warning: unused variable 'status' [-Wunused-variable]
   78 |         HAL_StatusTypeDef status = WriteDarkCount(new_dark_count);
      |                           ^~~~~~
make: *** [main_app/src/subdir.mk:34: main_app/src/states.o] Error 1
"make -j8 all" terminated with exit code 2. Build might be incomplete.
17:40:55 **** Incremental Build of configuration Debug for project prodV1 ****
make -j8 all 
arm-none-eabi-gcc "../main_app/src/states.c" -mcpu=cortex-m4 -std=gnu11 -g3 -DDEBUG -DUSE_HAL_DRIVER -DSTM32F446xx -c -I../FATFS/Target -I../FATFS/App -I../USB_HOST/App -I../USB_HOST/Target -I../Core/Inc -I../Drivers/STM32F4xx_HAL_Driver/Inc -I../Drivers/STM32F4xx_HAL_Driver/Inc/Legacy -I../Middlewares/Third_Party/FatFs/src -I../Middlewares/ST/STM32_USB_Host_Library/Core/Inc -I../Middlewares/ST/STM32_USB_Host_Library/Class/MSC/Inc -I../Drivers/CMSIS/Device/ST/STM32F4xx/Include -I../Drivers/CMSIS/Include -I"C:/WD/Lumino_Prod/prodV1/main_app/includes" -O0 -ffunction-sections -fdata-sections -Wall -fstack-usage -fcyclomatic-complexity -MMD -MP -MF"main_app/src/states.d" -MT"main_app/src/states.o" --specs=nano.specs -mfpu=fpv4-sp-d16 -mfloat-abi=hard -mthumb -o "main_app/src/states.o"
../main_app/src/states.c: In function 'stateInit':
../main_app/src/states.c:34:29: error: 'PAGE_SPLASH' undeclared (first use in this function); did you mean 'PAGE_SPASH'?
   34 |     HMI_changepage(&huart2, PAGE_SPLASH);
      |                             ^~~~~~~~~~~
      |                             PAGE_SPASH
../main_app/src/states.c:34:29: note: each undeclared identifier is reported only once for each function it appears in
../main_app/src/states.c: In function 'stateStartUp':
../main_app/src/states.c:78:27: warning: unused variable 'status' [-Wunused-variable]
   78 |         HAL_StatusTypeDef status = WriteDarkCount(new_dark_count);
      |                           ^~~~~~
make: *** [main_app/src/subdir.mk:34: main_app/src/states.o] Error 1
"make -j8 all" terminated with exit code 2. Build might be incomplete.
17:41:12 **** Incremental Build of configuration Debug for project prodV1 ****
make -j8 all 
arm-none-eabi-gcc "../main_app/src/states.c" -mcpu=cortex-m4 -std=gnu11 -g3 -DDEBUG -DUSE_HAL_DRIVER -DSTM32F446xx -c -I../FATFS/Target -I../FATFS/App -I../USB_HOST/App -I../USB_HOST/Target -I../Core/Inc -I../Drivers/STM32F4xx_HAL_Driver/Inc -I../Drivers/STM32F4xx_HAL_Driver/Inc/Legacy -I../Middlewares/Third_Party/FatFs/src -I../Middlewares/ST/STM32_USB_Host_Library/Core/Inc -I../Middlewares/ST/STM32_USB_Host_Library/Class/MSC/Inc -I../Drivers/CMSIS/Device/ST/STM32F4xx/Include -I../Drivers/CMSIS/Include -I"C:/WD/Lumino_Prod/prodV1/main_app/includes" -O0 -ffunction-sections -fdata-sections -Wall -fstack-usage -fcyclomatic-complexity -MMD -MP -MF"main_app/src/states.d" -MT"main_app/src/states.o" --specs=nano.specs -mfpu=fpv4-sp-d16 -mfloat-abi=hard -mthumb -o "main_app/src/states.o"
../main_app/src/states.c: In function 'stateStartUp':
../main_app/src/states.c:78:27: warning: unused variable 'status' [-Wunused-variable]
   78 |         HAL_StatusTypeDef status = WriteDarkCount(new_dark_count);
      |                           ^~~~~~
arm-none-eabi-gcc -o "prodV1.elf" @"objects.list"   -mcpu=cortex-m4 -T"C:\WD\Lumino_Prod\prodV1\STM32F446VETX_FLASH.ld" --specs=nosys.specs -Wl,-Map="prodV1.map" -Wl,--gc-sections -static --specs=nano.specs -mfpu=fpv4-sp-d16 -mfloat-abi=hard -mthumb -Wl,--start-group -lc -lm -Wl,--end-group
Finished building target: prodV1.elf
 
arm-none-eabi-size  prodV1.elf 
arm-none-eabi-objdump -h -S prodV1.elf  > "prodV1.list"
   text	   data	    bss	    dec	    hex	filename
  62120	    148	   7580	  69848	  110d8	prodV1.elf
Finished building: default.size.stdout
 
Finished building: prodV1.list
 
17:41:44 **** Incremental Build of configuration Debug for project prodV1 ****
make -j8 all 
arm-none-eabi-size  prodV1.elf 
   text	   data	    bss	    dec	    hex	filename
  62120	    148	   7580	  69848	  110d8	prodV1.elf
Finished building: default.size.stdout
 
17:43:01 **** Incremental Build of configuration Debug for project prodV1 ****
make -j8 all 
arm-none-eabi-gcc "../main_app/src/stepperDriver.c" -mcpu=cortex-m4 -std=gnu11 -g3 -DDEBUG -DUSE_HAL_DRIVER -DSTM32F446xx -c -I../FATFS/Target -I../FATFS/App -I../USB_HOST/App -I../USB_HOST/Target -I../Core/Inc -I../Drivers/STM32F4xx_HAL_Driver/Inc -I../Drivers/STM32F4xx_HAL_Driver/Inc/Legacy -I../Middlewares/Third_Party/FatFs/src -I../Middlewares/ST/STM32_USB_Host_Library/Core/Inc -I../Middlewares/ST/STM32_USB_Host_Library/Class/MSC/Inc -I../Drivers/CMSIS/Device/ST/STM32F4xx/Include -I../Drivers/CMSIS/Include -I"C:/WD/Lumino_Prod/prodV1/main_app/includes" -O0 -ffunction-sections -fdata-sections -Wall -fstack-usage -fcyclomatic-complexity -MMD -MP -MF"main_app/src/stepperDriver.d" -MT"main_app/src/stepperDriver.o" --specs=nano.specs -mfpu=fpv4-sp-d16 -mfloat-abi=hard -mthumb -o "main_app/src/stepperDriver.o"
arm-none-eabi-gcc -o "prodV1.elf" @"objects.list"   -mcpu=cortex-m4 -T"C:\WD\Lumino_Prod\prodV1\STM32F446VETX_FLASH.ld" --specs=nosys.specs -Wl,-Map="prodV1.map" -Wl,--gc-sections -static --specs=nano.specs -mfpu=fpv4-sp-d16 -mfloat-abi=hard -mthumb -Wl,--start-group -lc -lm -Wl,--end-group
Finished building target: prodV1.elf
 
arm-none-eabi-size  prodV1.elf 
arm-none-eabi-objdump -h -S prodV1.elf  > "prodV1.list"
   text	   data	    bss	    dec	    hex	filename
  62120	    148	   7580	  69848	  110d8	prodV1.elf
Finished building: default.size.stdout
 
Finished building: prodV1.list
 
17:44:10 **** Incremental Build of configuration Debug for project prodV1 ****
make -j8 all 
arm-none-eabi-gcc "../main_app/src/states.c" -mcpu=cortex-m4 -std=gnu11 -g3 -DDEBUG -DUSE_HAL_DRIVER -DSTM32F446xx -c -I../FATFS/Target -I../FATFS/App -I../USB_HOST/App -I../USB_HOST/Target -I../Core/Inc -I../Drivers/STM32F4xx_HAL_Driver/Inc -I../Drivers/STM32F4xx_HAL_Driver/Inc/Legacy -I../Middlewares/Third_Party/FatFs/src -I../Middlewares/ST/STM32_USB_Host_Library/Core/Inc -I../Middlewares/ST/STM32_USB_Host_Library/Class/MSC/Inc -I../Drivers/CMSIS/Device/ST/STM32F4xx/Include -I../Drivers/CMSIS/Include -I"C:/WD/Lumino_Prod/prodV1/main_app/includes" -O0 -ffunction-sections -fdata-sections -Wall -fstack-usage -fcyclomatic-complexity -MMD -MP -MF"main_app/src/states.d" -MT"main_app/src/states.o" --specs=nano.specs -mfpu=fpv4-sp-d16 -mfloat-abi=hard -mthumb -o "main_app/src/states.o"
../main_app/src/states.c: In function 'stateStartUp':
../main_app/src/states.c:78:27: warning: unused variable 'status' [-Wunused-variable]
   78 |         HAL_StatusTypeDef status = WriteDarkCount(new_dark_count);
      |                           ^~~~~~
arm-none-eabi-gcc -o "prodV1.elf" @"objects.list"   -mcpu=cortex-m4 -T"C:\WD\Lumino_Prod\prodV1\STM32F446VETX_FLASH.ld" --specs=nosys.specs -Wl,-Map="prodV1.map" -Wl,--gc-sections -static --specs=nano.specs -mfpu=fpv4-sp-d16 -mfloat-abi=hard -mthumb -Wl,--start-group -lc -lm -Wl,--end-group
Finished building target: prodV1.elf
 
arm-none-eabi-size  prodV1.elf 
arm-none-eabi-objdump -h -S prodV1.elf  > "prodV1.list"
   text	   data	    bss	    dec	    hex	filename
  62120	    148	   7580	  69848	  110d8	prodV1.elf
Finished building: default.size.stdout
 
Finished building: prodV1.list
 
18:40:06 **** Incremental Build of configuration Debug for project prodV1 ****
make -j8 all 
arm-none-eabi-gcc "../main_app/src/levelSense.c" -mcpu=cortex-m4 -std=gnu11 -g3 -DDEBUG -DUSE_HAL_DRIVER -DSTM32F446xx -c -I../FATFS/Target -I../FATFS/App -I../USB_HOST/App -I../USB_HOST/Target -I../Core/Inc -I../Drivers/STM32F4xx_HAL_Driver/Inc -I../Drivers/STM32F4xx_HAL_Driver/Inc/Legacy -I../Middlewares/Third_Party/FatFs/src -I../Middlewares/ST/STM32_USB_Host_Library/Core/Inc -I../Middlewares/ST/STM32_USB_Host_Library/Class/MSC/Inc -I../Drivers/CMSIS/Device/ST/STM32F4xx/Include -I../Drivers/CMSIS/Include -I"C:/WD/Lumino_Prod/prodV1/main_app/includes" -O0 -ffunction-sections -fdata-sections -Wall -fstack-usage -fcyclomatic-complexity -MMD -MP -MF"main_app/src/levelSense.d" -MT"main_app/src/levelSense.o" --specs=nano.specs -mfpu=fpv4-sp-d16 -mfloat-abi=hard -mthumb -o "main_app/src/levelSense.o"
arm-none-eabi-gcc "../main_app/src/states.c" -mcpu=cortex-m4 -std=gnu11 -g3 -DDEBUG -DUSE_HAL_DRIVER -DSTM32F446xx -c -I../FATFS/Target -I../FATFS/App -I../USB_HOST/App -I../USB_HOST/Target -I../Core/Inc -I../Drivers/STM32F4xx_HAL_Driver/Inc -I../Drivers/STM32F4xx_HAL_Driver/Inc/Legacy -I../Middlewares/Third_Party/FatFs/src -I../Middlewares/ST/STM32_USB_Host_Library/Core/Inc -I../Middlewares/ST/STM32_USB_Host_Library/Class/MSC/Inc -I../Drivers/CMSIS/Device/ST/STM32F4xx/Include -I../Drivers/CMSIS/Include -I"C:/WD/Lumino_Prod/prodV1/main_app/includes" -O0 -ffunction-sections -fdata-sections -Wall -fstack-usage -fcyclomatic-complexity -MMD -MP -MF"main_app/src/states.d" -MT"main_app/src/states.o" --specs=nano.specs -mfpu=fpv4-sp-d16 -mfloat-abi=hard -mthumb -o "main_app/src/states.o"
arm-none-eabi-gcc "../main_app/src/stepperDriver.c" -mcpu=cortex-m4 -std=gnu11 -g3 -DDEBUG -DUSE_HAL_DRIVER -DSTM32F446xx -c -I../FATFS/Target -I../FATFS/App -I../USB_HOST/App -I../USB_HOST/Target -I../Core/Inc -I../Drivers/STM32F4xx_HAL_Driver/Inc -I../Drivers/STM32F4xx_HAL_Driver/Inc/Legacy -I../Middlewares/Third_Party/FatFs/src -I../Middlewares/ST/STM32_USB_Host_Library/Core/Inc -I../Middlewares/ST/STM32_USB_Host_Library/Class/MSC/Inc -I../Drivers/CMSIS/Device/ST/STM32F4xx/Include -I../Drivers/CMSIS/Include -I"C:/WD/Lumino_Prod/prodV1/main_app/includes" -O0 -ffunction-sections -fdata-sections -Wall -fstack-usage -fcyclomatic-complexity -MMD -MP -MF"main_app/src/stepperDriver.d" -MT"main_app/src/stepperDriver.o" --specs=nano.specs -mfpu=fpv4-sp-d16 -mfloat-abi=hard -mthumb -o "main_app/src/stepperDriver.o"
../main_app/src/states.c: In function 'stateStartUp':
../main_app/src/states.c:78:27: warning: unused variable 'status' [-Wunused-variable]
   78 |         HAL_StatusTypeDef status = WriteDarkCount(new_dark_count);
      |                           ^~~~~~
arm-none-eabi-gcc -o "prodV1.elf" @"objects.list"   -mcpu=cortex-m4 -T"C:\WD\Lumino_Prod\prodV1\STM32F446VETX_FLASH.ld" --specs=nosys.specs -Wl,-Map="prodV1.map" -Wl,--gc-sections -static --specs=nano.specs -mfpu=fpv4-sp-d16 -mfloat-abi=hard -mthumb -Wl,--start-group -lc -lm -Wl,--end-group
Finished building target: prodV1.elf
 
arm-none-eabi-size  prodV1.elf 
arm-none-eabi-objdump -h -S prodV1.elf  > "prodV1.list"
   text	   data	    bss	    dec	    hex	filename
  62120	    148	   7580	  69848	  110d8	prodV1.elf
Finished building: default.size.stdout
 
Finished building: prodV1.list
 
21:18:03 **** Incremental Build of configuration Debug for project prodV1 ****
make -j8 all 
arm-none-eabi-size  prodV1.elf 
   text	   data	    bss	    dec	    hex	filename
  62120	    148	   7580	  69848	  110d8	prodV1.elf
Finished building: default.size.stdout
 
21:18:17 **** Incremental Build of configuration Debug for project prodV1 ****
make -j8 all 
arm-none-eabi-size  prodV1.elf 
   text	   data	    bss	    dec	    hex	filename
  62120	    148	   7580	  69848	  110d8	prodV1.elf
Finished building: default.size.stdout
 
21:21:15 **** Incremental Build of configuration Debug for project prodV1 ****
make -j8 all 
arm-none-eabi-size  prodV1.elf 
   text	   data	    bss	    dec	    hex	filename
  62120	    148	   7580	  69848	  110d8	prodV1.elf
Finished building: default.size.stdout
 
21:21:42 **** Incremental Build of configuration Debug for project prodV1 ****
make -j8 all 
arm-none-eabi-size  prodV1.elf 
   text	   data	    bss	    dec	    hex	filename
  62120	    148	   7580	  69848	  110d8	prodV1.elf
Finished building: default.size.stdout
 
22:52:29 **** Incremental Build of configuration Debug for project prodV1 ****
make -j8 all 
arm-none-eabi-size  prodV1.elf 
   text	   data	    bss	    dec	    hex	filename
  62120	    148	   7580	  69848	  110d8	prodV1.elf
Finished building: default.size.stdout
 
